******************************************************************************
                  TI ARM Linker PC v18.1.2                     
******************************************************************************
>> Linked Tue Jun 19 01:22:13 2018

OUTPUT FILE NAME:   <pruebasMecanica.out>
ENTRY POINT SYMBOL: "ResetISR"  address: 00003121


MEMORY CONFIGURATION

         name            origin    length      used     unused   attr    fill
----------------------  --------  ---------  --------  --------  ----  --------
  FLASH                 00000000   00020000  000043e5  0001bc1b  R  X
  SRAM                  20000000   00005000  00001957  000036a9  RW X


SEGMENT ALLOCATION MAP

run origin  load origin   length   init length attrs members
----------  ----------- ---------- ----------- ----- -------
00000000    00000000    0000003c   0000003c    r--
  00000000    00000000    0000003c   0000003c    r-- .resetVecs
00000100    00000100    00004360   00004360    r-x
  00000100    00000100    0000003c   0000003c    r-- .const:ti_sysbios_knl_Task_Object__PARAMS__C
  0000013c    0000013c    00000034   00000034    r-- .const:ti_sysbios_knl_Mailbox_Object__PARAMS__C
  00000170    00000170    00000030   00000030    r-- .const:ti_sysbios_family_arm_m3_Hwi_Object__PARAMS__C
  000001a0    000001a0    0000002c   0000002c    r-- .const:ti_sysbios_hal_Hwi_Object__PARAMS__C
  000001cc    000001cc    00000028   00000028    r-- .const:ti_sysbios_heaps_HeapMem_Module__FXNS__C
  000001f4    000001f4    00000028   00000028    r-- .const:ti_sysbios_knl_Swi_Object__PARAMS__C
  0000021c    0000021c    00000024   00000024    r-- .const:ti_sysbios_gates_GateHwi_Module__FXNS__C
  00000240    00000240    00000024   00000024    r-- .const:ti_sysbios_gates_GateMutex_Module__FXNS__C
  00000264    00000264    00000024   00000024    r-- .const:ti_sysbios_heaps_HeapMem_Object__PARAMS__C
  00000288    00000288    00000024   00000024    r-- .const:ti_sysbios_knl_Clock_Object__PARAMS__C
  000002ac    000002ac    00000024   00000024    r-- .const:ti_sysbios_knl_Semaphore_Object__PARAMS__C
  000002d0    000002d0    00000020   00000020    r-- .const:ti_sysbios_family_arm_m3_Hwi_Object__DESC__C
  000002f0    000002f0    00000020   00000020    r-- .const:ti_sysbios_gates_GateHwi_Object__DESC__C
  00000310    00000310    00000020   00000020    r-- .const:ti_sysbios_gates_GateMutex_Object__DESC__C
  00000330    00000330    00000020   00000020    r-- .const:ti_sysbios_hal_Hwi_Object__DESC__C
  00000350    00000350    00000020   00000020    r-- .const:ti_sysbios_heaps_HeapMem_Object__DESC__C
  00000370    00000370    00000020   00000020    r-- .const:ti_sysbios_knl_Clock_Object__DESC__C
  00000390    00000390    00000020   00000020    r-- .const:ti_sysbios_knl_Mailbox_Object__DESC__C
  000003b0    000003b0    00000020   00000020    r-- .const:ti_sysbios_knl_Queue_Object__DESC__C
  000003d0    000003d0    00000020   00000020    r-- .const:ti_sysbios_knl_Semaphore_Object__DESC__C
  000003f0    000003f0    00000020   00000020    r-- .const:ti_sysbios_knl_Swi_Object__DESC__C
  00000410    00000410    00000020   00000020    r-- .const:ti_sysbios_knl_Task_Object__DESC__C
  00000430    00000430    00000018   00000018    r-- .const:ti_sysbios_gates_GateHwi_Object__PARAMS__C
  00000448    00000448    00000018   00000018    r-- .const:ti_sysbios_gates_GateMutex_Object__PARAMS__C
  00000460    00000460    00000018   00000018    r-- .const:ti_sysbios_knl_Queue_Object__PARAMS__C
  00000478    00000478    00000008   00000008    r-- .const:ti_sysbios_knl_Idle_funcList__C
  00000484    00000484    00000004   00000004    r-- .const:ti_sysbios_family_arm_cc26xx_Timer_startupNeeded__C
  00000488    00000488    00000004   00000004    r-- .const:ti_sysbios_family_arm_m3_Hwi_E_alreadyDefined__C
  0000048c    0000048c    00000004   00000004    r-- .const:ti_sysbios_family_arm_m3_Hwi_E_hwiLimitExceeded__C
  00000490    00000490    00000004   00000004    r-- .const:ti_sysbios_family_arm_m3_Hwi_NUM_INTERRUPTS__C
  00000494    00000494    00000004   00000004    r-- .const:ti_sysbios_family_arm_m3_Hwi_Object__count__C
  00000498    00000498    00000004   00000004    r-- .const:ti_sysbios_family_arm_m3_Hwi_Object__table__C
  0000049c    0000049c    00000004   00000004    r-- .const:ti_sysbios_family_arm_m3_Hwi_ccr__C
  000004a0    000004a0    00000004   00000004    r-- .const:ti_sysbios_family_arm_m3_Hwi_excHandlerFunc__C
  000004a4    000004a4    00000004   00000004    r-- .const:ti_sysbios_family_arm_m3_Hwi_nullIsrFunc__C
  000004a8    000004a8    00000004   00000004    r-- .const:ti_sysbios_family_arm_m3_Hwi_numSparseInterrupts__C
  000004ac    000004ac    00000004   00000004    r-- .const:ti_sysbios_family_arm_m3_Hwi_priGroup__C
  000004b0    000004b0    00000004   00000004    r-- .const:ti_sysbios_family_arm_m3_TaskSupport_stackAlignment__C
  000004b4    000004b4    00000004   00000004    r-- .const:ti_sysbios_heaps_HeapMem_E_memory__C
  000004b8    000004b8    00000004   00000004    r-- .const:ti_sysbios_heaps_HeapMem_Module__gateObj__C
  000004bc    000004bc    00000004   00000004    r-- .const:ti_sysbios_heaps_HeapMem_Object__count__C
  000004c0    000004c0    00000004   00000004    r-- .const:ti_sysbios_heaps_HeapMem_Object__table__C
  000004c4    000004c4    00000004   00000004    r-- .const:ti_sysbios_heaps_HeapMem_reqAlign__C
  000004c8    000004c8    00000004   00000004    r-- .const:ti_sysbios_knl_Clock_serviceMargin__C
  000004cc    000004cc    00000004   00000004    r-- .const:ti_sysbios_knl_Mailbox_Object__count__C
  000004d0    000004d0    00000004   00000004    r-- .const:ti_sysbios_knl_Mailbox_Object__table__C
  000004d4    000004d4    00000004   00000004    r-- .const:ti_sysbios_knl_Queue_Object__count__C
  000004d8    000004d8    00000004   00000004    r-- .const:ti_sysbios_knl_Queue_Object__table__C
  000004dc    000004dc    00000004   00000004    r-- .const:ti_sysbios_knl_Swi_Object__count__C
  000004e0    000004e0    00000004   00000004    r-- .const:ti_sysbios_knl_Swi_Object__table__C
  000004e4    000004e4    00000004   00000004    r-- .const:ti_sysbios_knl_Swi_numPriorities__C
  000004e8    000004e8    00000004   00000004    r-- .const:ti_sysbios_knl_Task_Object__count__C
  000004ec    000004ec    00000004   00000004    r-- .const:ti_sysbios_knl_Task_Object__table__C
  000004f0    000004f0    00000004   00000004    r-- .const:ti_sysbios_knl_Task_allBlockedFunc__C
  000004f4    000004f4    00000004   00000004    r-- .const:ti_sysbios_knl_Task_defaultStackHeap__C
  000004f8    000004f8    00000004   00000004    r-- .const:ti_sysbios_knl_Task_defaultStackSize__C
  000004fc    000004fc    00000004   00000004    r-- .const:ti_sysbios_knl_Task_numConstructedTasks__C
  00000502    00000502    00000002   00000002    r-- .const:ti_sysbios_family_arm_cc26xx_Timer_Module__id__C
  00000504    00000504    00000002   00000002    r-- .const:ti_sysbios_family_arm_cc26xx_TimestampProvider_useClockTimer__C
  00000506    00000506    00000002   00000002    r-- .const:ti_sysbios_family_arm_m3_Hwi_Module__id__C
  00000508    00000508    00000002   00000002    r-- .const:ti_sysbios_gates_GateHwi_Module__id__C
  0000050a    0000050a    00000002   00000002    r-- .const:ti_sysbios_gates_GateMutex_Module__id__C
  0000050c    0000050c    00000002   00000002    r-- .const:ti_sysbios_heaps_HeapMem_Module__id__C
  0000050e    0000050e    00000002   00000002    r-- .const:ti_sysbios_knl_Task_initStackFlag__C
  00000510    00000510    00000001   00000001    r-- .const:ti_sysbios_knl_Clock_tickMode__C
  00000514    00000514    00000008   00000008    r-- .const:xdc_runtime_Startup_firstFxns__C
  0000051c    0000051c    00000008   00000008    r-- .const:xdc_runtime_Startup_lastFxns__C
  00000524    00000524    00000004   00000004    r-- .const:xdc_runtime_Assert_E_assertFailed__C
  00000528    00000528    00000004   00000004    r-- .const:xdc_runtime_Error_E_memory__C
  0000052c    0000052c    00000004   00000004    r-- .const:xdc_runtime_Error_policyFxn__C
  00000530    00000530    00000004   00000004    r-- .const:xdc_runtime_IGateProvider_Interface__BASE__C
  00000534    00000534    00000004   00000004    r-- .const:xdc_runtime_IHeap_Interface__BASE__C
  00000538    00000538    00000004   00000004    r-- .const:xdc_runtime_IModule_Interface__BASE__C
  0000053c    0000053c    00000004   00000004    r-- .const:xdc_runtime_Main_Module__diagsEnabled__C
  00000540    00000540    00000004   00000004    r-- .const:xdc_runtime_Main_Module__diagsIncluded__C
  00000544    00000544    00000004   00000004    r-- .const:xdc_runtime_Main_Module__diagsMask__C
  00000548    00000548    00000004   00000004    r-- .const:xdc_runtime_Memory_defaultHeapInstance__C
  0000054c    0000054c    00000004   00000004    r-- .const:xdc_runtime_Startup_execImpl__C
  00000550    00000550    00000004   00000004    r-- .const:xdc_runtime_Startup_maxPasses__C
  00000554    00000554    00000004   00000004    r-- .const:xdc_runtime_Startup_sfxnRts__C
  00000558    00000558    00000004   00000004    r-- .const:xdc_runtime_Startup_sfxnTab__C
  0000055c    0000055c    00000004   00000004    r-- .const:xdc_runtime_Startup_startModsFxn__C
  00000560    00000560    00000004   00000004    r-- .const:xdc_runtime_SysCallback_abortFxn__C
  00000564    00000564    00000004   00000004    r-- .const:xdc_runtime_SysCallback_exitFxn__C
  00000568    00000568    00000004   00000004    r-- .const:xdc_runtime_System_abortFxn__C
  0000056c    0000056c    00000004   00000004    r-- .const:xdc_runtime_System_exitFxn__C
  00000570    00000570    00000004   00000004    r-- .const:xdc_runtime_System_maxAtexitHandlers__C
  00000574    00000574    00000004   00000004    r-- .const:xdc_runtime_Text_charTab__C
  00000578    00000578    00000004   00000004    r-- .const:xdc_runtime_Text_nameEmpty__C
  0000057c    0000057c    00000004   00000004    r-- .const:xdc_runtime_Text_nameStatic__C
  00000580    00000580    00000004   00000004    r-- .const:xdc_runtime_Text_nameUnknown__C
  00000584    00000584    00000002   00000002    r-- .const:xdc_runtime_Main_Module__id__C
  00000586    00000586    00000002   00000002    r-- .const:xdc_runtime_Memory_Module__id__C
  00000588    00000588    00000002   00000002    r-- .const:xdc_runtime_Text_charCnt__C
  0000058a    0000058a    00000002   00000002    r-- .const:xdc_runtime_Text_isLoaded__C
  0000058c    0000058c    00000001   00000001    r-- .const:xdc_runtime_Error_policy__C
  00000590    00000590    00000004   00000004    r-- .const:ti_sysbios_rom_ROM_AONRTCChannelEnable
  00000594    00000594    00000004   00000004    r-- .const:ti_sysbios_rom_ROM_AONRTCCompareValueSet
  00000598    00000598    00000004   00000004    r-- .const:ti_sysbios_rom_ROM_AONRTCCurrentCompareValueGet
  0000059c    0000059c    00000004   00000004    r-- .const:ti_sysbios_rom_ROM_AONRTCEventClear
  000005a0    000005a0    00000004   00000004    r-- .const:ti_sysbios_rom_ROM_ti_sysbios_family_arm_cc26xx_Timer_getCount64__E
  000005a4    000005a4    00000004   00000004    r-- .const:ti_sysbios_rom_ROM_ti_sysbios_family_arm_cc26xx_Timer_getCurrentTick__E
  000005a8    000005a8    00000004   00000004    r-- .const:ti_sysbios_rom_ROM_ti_sysbios_family_arm_cc26xx_Timer_getMaxTicks__E
  000005ac    000005ac    00000004   00000004    r-- .const:ti_sysbios_rom_ROM_ti_sysbios_family_arm_cc26xx_Timer_initDevice__I
  000005b0    000005b0    00000004   00000004    r-- .const:ti_sysbios_rom_ROM_ti_sysbios_family_arm_cc26xx_Timer_setNextTick__E
  000005b4    000005b4    00000004   00000004    r-- .const:ti_sysbios_rom_ROM_ti_sysbios_family_arm_cc26xx_Timer_setThreshold__I
  000005b8    000005b8    00000004   00000004    r-- .const:ti_sysbios_rom_ROM_ti_sysbios_family_arm_cc26xx_Timer_start__E
  000005bc    000005bc    00000004   00000004    r-- .const:ti_sysbios_rom_ROM_ti_sysbios_family_arm_cc26xx_TimestampProvider_get32__E
  000005c0    000005c0    00000004   00000004    r-- .const:ti_sysbios_rom_ROM_xdc_runtime_Startup_getState__I
  000005c4    000005c4    00000004   00000004    r-- .const:ti_sysbios_rom_ROM_xdc_runtime_System_SupportProxy_abort__E
  000005c8    000005c8    00000004   00000004    r-- .const:ti_sysbios_rom_ROM_xdc_runtime_System_SupportProxy_exit__E
  000005cc    000005cc    00000004   00000004    r-- .const:ti_sysbios_gates_GateMutex_Instance_State_sem__O
  000005d0    000005d0    00000004   00000004    r-- .const:ti_sysbios_knl_Clock_Module_State_clockQ__O
  000005d4    000005d4    00000004   00000004    r-- .const:ti_sysbios_knl_Mailbox_Instance_State_dataQue__O
  000005d8    000005d8    00000004   00000004    r-- .const:ti_sysbios_knl_Mailbox_Instance_State_dataSem__O
  000005dc    000005dc    00000004   00000004    r-- .const:ti_sysbios_knl_Mailbox_Instance_State_freeQue__O
  000005e0    000005e0    00000004   00000004    r-- .const:ti_sysbios_knl_Mailbox_Instance_State_freeSem__O
  000005e4    000005e4    00000004   00000004    r-- .const:ti_sysbios_knl_Semaphore_Instance_State_pendQ__O
  000005e8    000005e8    00000004   00000004    r-- .const:ti_sysbios_knl_Task_Module_State_inactiveQ__O
  000005ec    000005ec    000039f0   000039f0    r-x .text
  00003fdc    00003fdc    00000241   00000241    r-- .const
  00004220    00004220    00000240   00000240    r-- .cinit
0001ffa8    0001ffa8    00000058   00000058    r--
  0001ffa8    0001ffa8    00000058   00000058    r-- .ccfg
20000100    20000100    00001598   00000000    rw-
  20000100    20000100    00000044   00000000    rw- .data:ti_sysbios_knl_Task_Module__state__V
  20000144    20000144    00000034   00000000    rw- .data:ti_sysbios_family_arm_m3_Hwi_Module__state__V
  20000178    20000178    0000002c   00000000    rw- .data:ti_sysbios_knl_Clock_Module__state__V
  200001a4    200001a4    00000024   00000000    rw- .data:ti_sysbios_BIOS_Module__state__V
  200001c8    200001c8    0000001c   00000000    rw- .data:ti_sysbios_knl_Swi_Module__state__V
  200001e4    200001e4    00000008   00000000    rw- .data:ti_sysbios_family_arm_cc26xx_Timer_Module__state__V
  200001ec    200001ec    00000004   00000000    rw- .data:ti_sysbios_family_arm_cc26xx_TimestampProvider_Module__state__V
  200001f0    200001f0    00000008   00000000    rw- .data:xdc_runtime_Startup_Module__state__V
  200001f8    200001f8    00000008   00000000    rw- .data:xdc_runtime_System_Module__state__V
  20000200    20000200    00000004   00000000    rw- .data:xdc_runtime_Memory_Module__state__V
  20000208    20000208    0000114b   00000000    rw- .bss
  20001358    20001358    00000340   00000000    rw- .data
20004d00    20004d00    00000300   00000000    rw-
  20004d00    20004d00    00000300   00000000    rw- .stack


SECTION ALLOCATION MAP

 output                                  attributes/
section   page    origin      length       input sections
--------  ----  ----------  ----------   ----------------
.text      0    000005ec    000039f0     
                  000005ec    0000033c     rom_sysbios.aem3 : rom_sysbios.obj (.text:xdc_runtime_System_doPrint__I)
                  00000928    00000228     drivers_cc26xxware.aem3 : PowerCC26XX.oem3 (.text:Power_sleep)
                  00000b50    00000204     driverlib.lib : sys_ctrl.obj (.text:NOROM_SysCtrlSetRechargeBeforePowerDown)
                  00000d54    000001d0     drivers_cc26xxware.aem3 : PowerCC26XX_calibrateRCOSC.oem3 (.text:calibrateRcoscHf1)
                  00000f24    000001c4                             : PINCC26XX.oem3 (.text:PIN_init)
                  000010e8    00000184                             : PowerCC26XX_calibrateRCOSC.oem3 (.text:PowerCC26XX_doCalibrate)
                  0000126c    00000138     main.obj (.text:main)
                  000013a4    00000130     driverlib.lib : setup_rom.obj (.text:NOROM_SetupAfterColdResetWakeupFromShutDownCfg3)
                  000014d4    00000124     main.obj (.text:taskFxn1)
                  000015f8    0000011c     drivers_cc26xxware.aem3 : PowerCC26XX.oem3 (.text:Power_init)
                  00001714    000000f8     main_pem3.oem3 (.text:xdc_runtime_System_printfExtend__I)
                  0000180c    000000e4     driverlib.lib : setup_rom.obj (.text:NOROM_SetupAfterColdResetWakeupFromShutDownCfg2)
                  000018f0    000000e4     main.obj (.text:taskFxn0)
                  000019d4    000000e0     drivers_cc26xxware.aem3 : PINCC26XX.oem3 (.text:PINCC26XX_setIoCfg)
                  00001ab4    000000d4     power_cc26xx_tirtos.aem3 : PowerCC26XX_tirtos.oem3 (.text:PowerCC26XX_standbyPolicy)
                  00001b88    000000d4     drivers_cc26xxware.aem3 : PowerCC26XX.oem3 (.text:Power_releaseDependency)
                  00001c5c    000000d0                             : PowerCC26XX.oem3 (.text:Power_setDependency)
                  00001d2c    000000c0     driverlib.lib : aux_adc.obj (.text:NOROM_AUXADCEnableSync)
                  00001dec    000000bc                   : setup.obj (.text:TrimAfterColdResetWakeupFromShutDown)
                  00001ea8    000000a8                   : setup.obj (.text:NOROM_SetupTrimDevice)
                  00001f50    000000a4     drivers_cc26xxware.aem3 : ADCCC26XX.oem3 (.text:ADCCC26XX_open)
                  00001ff4    000000a0     auto_init.aem3 : auto_init.oem3 (.text)
                  00002094    0000009e     rom_sysbios.aem3 : rom_sysbios.obj (.text:xdc_runtime_Text_putSite__E)
                  00002132    0000009c     rtsv7M3_T_le_eabi.lib : memcpy_t2.asm.obj (.text)
                  000021ce    00000002                           : _lock.c.obj (.text:_nop)
                  000021d0    00000098     rom_sysbios.aem3 : rom_sysbios.obj (.text:ti_sysbios_knl_Clock_workFuncDynamic__E)
                  00002268    00000096     rtsv7M3_T_le_eabi.lib : ull_div_t2.asm.obj (.text)
                  000022fe    00000002     drivers_cc26xxware.aem3 : PowerCC26XX.oem3 (.text:emptyClockFunc)
                  00002300    00000094     driverlib.lib : aux_adc.obj (.text:NOROM_AUXADCDisable)
                  00002394    00000094     drivers_cc26xxware.aem3 : PINCC26XX.oem3 (.text:PIN_open)
                  00002428    00000094     rom_sysbios.aem3 : rom_sysbios.obj (.text:xdc_runtime_Text_putMod__E)
                  000024bc    00000090     drivers_cc26xxware.aem3 : PowerCC26XX.oem3 (.text:switchXOSCHFclockFunc)
                  0000254c    00000080                             : ADCCC26XX.oem3 (.text:ADCCC26XX_convert)
                  000025cc    0000007c                             : PowerCC26XX.oem3 (.text:disableLFClockQualifiers)
                  00002648    0000007a     rtsv7M3_T_le_eabi.lib : memset_t2.asm.obj (.text)
                  000026c2    00000002                           : div0.asm.obj (.text)
                  000026c4    00000078     driverlib.lib : setup_rom.obj (.text:NOROM_SetupAfterColdResetWakeupFromShutDownCfg1)
                  0000273c    00000074     drivers_cc26xxware.aem3 : PowerCC26XX_calibrateRCOSC.oem3 (.text:PowerCC26XX_auxISR)
                  000027b0    00000074                             : PowerCC26XX_calibrateRCOSC.oem3 (.text:calibrateRcoscHf2)
                  00002824    00000074     rom_sysbios.aem3 : rom_sysbios.obj (.text:ti_sysbios_family_arm_cc26xx_Timer_start__E)
                  00002898    00000070     driverlib.lib : chipinfo.obj (.text:NOROM_ChipInfo_GetHwRevision)
                  00002908    0000006d     rom_sysbios.aem3 : rom_sysbios.obj (.text:xdc_runtime_System_formatNum__I)
                  00002975    00000001     --HOLE-- [fill = 0]
                  00002976    00000002                      : rom_sysbios.obj (.text:ti_sysbios_BIOS_linkedWithIncorrectBootLibrary__E)
                  00002978    0000006c     driverlib.lib : setup_rom.obj (.text:NOROM_SetupGetTrimForAmpcompCtrl)
                  000029e4    0000006c     drivers_cc26xxware.aem3 : PowerCC26XX.oem3 (.text:PowerCC26XX_calibrate)
                  00002a50    00000068     driverlib.lib : setup_rom.obj (.text:NOROM_SetupGetTrimForAnabypassValue1)
                  00002ab8    00000068                   : sys_ctrl.obj (.text:NOROM_SysCtrl_DCDC_VoltageConditionalControl)
                  00002b20    00000068     rtsv7M3_T_le_eabi.lib : copy_decompress_lzss.c.obj (.text:decompress:lzss:__TI_decompress_lzss)
                  00002b88    00000060     drivers_cc26xxware.aem3 : PowerCC26XX_calibrateRCOSC.oem3 (.text:PowerCC26XX_RCOSC_clockFunc)
                  00002be8    00000060                             : PowerCC26XX_calibrateRCOSC.oem3 (.text:updateSubSecInc)
                  00002c48    0000005c     driverlib.lib : osc.obj (.text:NOROM_OSCHF_AttemptToSwitchToXosc)
                  00002ca4    0000005c                   : sys_ctrl.obj (.text:NOROM_SysCtrlAdjustRechargeAfterPowerDown)
                  00002d00    0000005c     drivers_cc26xxware.aem3 : PINCC26XX.oem3 (.text:PIN_remove)
                  00002d5c    0000005c     main_pem3.oem3 (.text:xdc_runtime_Startup_getState__I)
                  00002db8    0000005b     rom_sysbios.aem3 : rom_sysbios.obj (.text:xdc_runtime_Text_putLab__E)
                  00002e13    00000001     --HOLE-- [fill = 0]
                  00002e14    00000058     rtsv7M3_T_le_eabi.lib : hostwrite.c.obj (.text:HOSTwrite)
                  00002e6c    00000058     drivers_cc26xxware.aem3 : PowerCC26XX_calibrateRCOSC.oem3 (.text:PowerCC26XX_initiateCalibration)
                  00002ec4    00000054                             : PowerCC26XX.oem3 (.text:configureXOSCHF)
                  00002f18    00000050     driverlib.lib : setup_rom.obj (.text:NOROM_SetupSetCacheModeAccordingToCcfgSetting)
                  00002f68    0000004c                   : osc.obj (.text:NOROM_OSCClockSourceSet)
                  00002fb4    0000004c     rtsv7M3_T_le_eabi.lib : cpy_tbl.c.obj (.text:copy_in)
                  00003000    00000048     driverlib.lib : chipinfo.obj (.text:NOROM_ChipInfo_GetChipFamily)
                  00003048    00000048                   : ddi.obj (.text:NOROM_DDI16BitfieldWrite)
                  00003090    00000048     drivers_cc26xxware.aem3 : PINCC26XX.oem3 (.text:PIN_swi)
                  000030d8    00000048                             : PowerCC26XX.oem3 (.text:notify)
                  00003120    00000044     boot.aem3 : boot.oem3 (.text)
                  00003164    00000044     rom_sysbios.aem3 : rom_sysbios.obj (.text:xdc_runtime_SysMin_flush__E)
                  000031a8    00000044                      : rom_sysbios.obj (.text:xdc_runtime_Text_xprintf__I)
                  000031ec    00000040     driverlib.lib : ddi.obj (.text:NOROM_DDI16BitfieldRead)
                  0000322c    00000040     rtsv7M3_T_le_eabi.lib : u_divt2.asm.obj (.text)
                  0000326c    0000003c     drivers_cc26xxware.aem3 : ADCCC26XX.oem3 (.text:ADCCC26XX_close)
                  000032a8    0000003c     driverlib.lib : osc.obj (.text:NOROM_OSC_HPOSCRelativeFrequencyOffsetGet)
                  000032e4    00000038     drivers_cc26xxware.aem3 : ADCCC26XX.oem3 (.text:ADCCC26XX_convertRawToMicroVolts)
                  0000331c    00000038                             : ADC.oem3 (.text:ADC_init)
                  00003354    00000038     rtsv7M3_T_le_eabi.lib : trgmsg.c.obj (.text:__TI_writemsg)
                  0000338c    00000038     rom_sysbios.aem3 : rom_sysbios.obj (.text:ti_sysbios_family_arm_cc26xx_Timer_getCurrentTick__E)
                  000033c4    00000038                      : rom_sysbios.obj (.text:xdc_runtime_SysMin_putch__E)
                  000033fc    00000034     driverlib.lib : aux_adc.obj (.text:NOROM_AUXADCDisableInputScaling)
                  00003430    00000034                   : osc.obj (.text:NOROM_OSCHF_SwitchToRcOscTurnOffXosc)
                  00003464    00000034     drivers_cc26xxware.aem3 : PINCC26XX.oem3 (.text:PIN_setConfig)
                  00003498    00000034     rtsv7M3_T_le_eabi.lib : trgmsg.c.obj (.text:__TI_readmsg)
                  000034cc    00000034     rom_sysbios.aem3 : rom_sysbios.obj (.text:ti_sysbios_family_arm_cc26xx_Timer_initDevice__I)
                  00003500    00000032                      : rom_sysbios.obj (.text:ti_sysbios_family_arm_cc26xx_Timer_setNextTick__E)
                  00003532    00000002     main_pem3.oem3 (.text:ti_sysbios_BIOS_nullFunc__I)
                  00003534    00000030     driverlib.lib : setup_rom.obj (.text:NOROM_SetupSetAonRtcSubSecInc)
                  00003564    00000030     drivers_cc26xxware.aem3 : PowerCC26XX.oem3 (.text:Power_releaseConstraint)
                  00003594    00000030                             : PowerCC26XX.oem3 (.text:Power_setConstraint)
                  000035c4    00000030     driverlib.lib : adi.obj (.text:SafeHapiAuxAdiSelect)
                  000035f4    00000030     main_pem3.oem3 (.text:ti_sysbios_BIOS_atExitFunc__I)
                  00003624    00000030     main_pem3.oem3 (.text:ti_sysbios_BIOS_startFunc__I)
                  00003654    00000030     rom_sysbios.aem3 : rom_sysbios.obj (.text:ti_sysbios_family_arm_cc26xx_Timer_setThreshold__I)
                  00003684    00000030                      : rom_sysbios.obj (.text:xdc_runtime_SysMin_abort__E)
                  000036b4    0000002f                      : rom_sysbios.obj (.text:xdc_runtime_Text_printVisFxn__I)
                  000036e3    00000001     --HOLE-- [fill = 0]
                  000036e4    0000002c     driverlib.lib : ddi.obj (.text:NOROM_DDI32RegWrite)
                  00003710    0000002c                   : setup_rom.obj (.text:NOROM_SetupGetTrimForRadcExtCfg)
                  0000373c    0000002c     rom_sysbios.aem3 : rom_sysbios.obj (.text:ti_sysbios_knl_Clock_getTicksUntilInterrupt__E)
                  00003768    0000002a                      : rom_sysbios.obj (.text:xdc_runtime_System_putchar__I)
                  00003792    00000002                      : rom_sysbios.obj (.text:ti_sysbios_knl_Clock_triggerFunc__I)
                  00003794    00000028     drivers_cc26xxware.aem3 : ADC.oem3 (.text:ADC_open)
                  000037bc    00000028     driverlib.lib : aon_batmon.obj (.text:NOROM_AONBatMonTemperatureGetDegC)
                  000037e4    00000028                   : adi.obj (.text:SafeHapiVoid)
                  0000380c    00000024     drivers_cc26xxware.aem3 : PINCC26XX.oem3 (.text:PINCC26XX_getPinCount)
                  00003830    00000024                             : PowerCC26XX_calibrateRCOSC.oem3 (.text:getTdcSemaphore)
                  00003854    00000024     main_pem3.oem3 (.text:ti_sysbios_BIOS_registerRTSLock__I)
                  00003878    00000024     main_pem3.oem3 (.text:ti_sysbios_BIOS_removeRTSLock__I)
                  0000389c    00000024     rom_sysbios.aem3 : rom_sysbios.obj (.text:ti_sysbios_family_arm_cc26xx_Timer_getMaxTicks__E)
                  000038c0    00000024                      : rom_sysbios.obj (.text:xdc_runtime_System_vprintf__E)
                  000038e4    00000022     driverlib.lib : aux_adc.obj (.text:NOROM_AUXADCAdjustValueForGainAndOffset)
                  00003906    00000022     main_pem3.oem3 (.text:xdc_runtime_SysMin_output__I)
                  00003928    00000020     driverlib.lib : setup_rom.obj (.text:NOROM_SetupGetTrimForXoscHfCtl)
                  00003948    00000020     main_pem3.oem3 (.text:ti_sysbios_BIOS_rtsLock__I)
                  00003968    00000020     rom_sysbios.aem3 : rom_sysbios.obj (.text:ti_sysbios_family_arm_cc26xx_Timer_dynamicStub__E)
                  00003988    00000020                      : rom_sysbios.obj (.text:ti_sysbios_knl_Clock_stop__E)
                  000039a8    00000020                      : rom_sysbios.obj (.text:xdc_runtime_Registry_findById__E)
                  000039c8    00000020                      : rom_sysbios.obj (.text:xdc_runtime_SysMin_Module_startup__E)
                  000039e8    0000001e     drivers_cc26xxware.aem3 : PINCC26XX.oem3 (.text:PIN_close)
                  00003a06    0000001e                             : PowerCC26XX.oem3 (.text:Power_getTransitionLatency)
                  00003a24    0000001c     driverlib.lib : aux_adc.obj (.text:NOROM_AUXADCGetAdjustmentGain)
                  00003a40    0000001c                   : osc.obj (.text:NOROM_OSCClockSourceGet)
                  00003a5c    0000001c                   : setup_rom.obj (.text:NOROM_SetupGetTrimForAmpcompTh2)
                  00003a78    0000001c                   : setup_rom.obj (.text:NOROM_SetupGetTrimForRcOscLfRtuneCtuneTrim)
                  00003a94    0000001c     drivers_cc26xxware.aem3 : PINCC26XX.oem3 (.text:PINCC26XX_setIoCfgMux)
                  00003ab0    0000001c                             : PINCC26XX.oem3 (.text:PIN_hwi)
                  00003acc    0000001c     rom_sysbios.aem3 : rom_sysbios.obj (.text:xdc_runtime_SysMin_exit__E)
                  00003ae8    0000001a                      : rom_sysbios_config.obj (.text:xdc_runtime_System_printf__E)
                  00003b02    00000002     main_pem3.oem3 (.text:ti_sysbios_rom_cortexm_cc26xx_CC26xx_badRomRevision__E)
                  00003b04    00000018     driverlib.lib : aon_rtc.obj (.text:NOROM_AONRTCCurrentCompareValueGet)
                  00003b1c    00000018                   : aux_adc.obj (.text:NOROM_AUXADCGetAdjustmentOffset)
                  00003b34    00000018                   : chipinfo.obj (.text:NOROM_ChipInfo_GetPackageType)
                  00003b4c    00000018                   : osc.obj (.text:NOROM_OSCHF_TurnOnXosc)
                  00003b64    00000018                   : setup_rom.obj (.text:NOROM_SetupGetTrimForAdcShModeEn)
                  00003b7c    00000018                   : setup_rom.obj (.text:NOROM_SetupGetTrimForAdcShVbufEn)
                  00003b94    00000018                   : setup_rom.obj (.text:NOROM_SetupGetTrimForAmpcompTh1)
                  00003bac    00000018                   : setup_rom.obj (.text:NOROM_SetupGetTrimForDblrLoopFilterResetVoltage)
                  00003bc4    00000018                   : setup_rom.obj (.text:NOROM_SetupGetTrimForRcOscLfIBiasTrim)
                  00003bdc    00000018                   : setup_rom.obj (.text:NOROM_SetupGetTrimForXoscLfRegulatorAndCmirrwrRatio)
                  00003bf4    00000018     drivers_cc26xxware.aem3 : PowerCC26XX.oem3 (.text:Power_idleFunc)
                  00003c0c    00000018     rtsv7M3_T_le_eabi.lib : args_main.c.obj (.text:_args_main)
                  00003c24    00000018     drivers_cc26xxware.aem3 : PowerCC26XX.oem3 (.text:configureRFCoreClocks)
                  00003c3c    00000018     rtsv7M3_T_le_eabi.lib : ll_mul_t2.asm.obj (.text)
                  00003c54    00000018     main_pem3.oem3 (.text:ti_sysbios_BIOS_rtsUnlock__I)
                  00003c6c    00000018     rom_sysbios.aem3 : rom_sysbios.obj (.text:ti_sysbios_knl_Swi_or__E)
                  00003c84    00000018     main_pem3.oem3 (.text:ti_sysbios_rom_cortexm_cc26xx_CC26xx_checkRevision__E)
                  00003c9c    00000016     main_pem3.oem3 (.text:ti_sysbios_BIOS_exitFunc__I)
                  00003cb2    00000016     main.obj (.text:ti_sysbios_knl_Task_Params_init)
                  00003cc8    00000014     driverlib.lib : aon_rtc.obj (.text:NOROM_AONRTCCurrent64BitValueGet)
                  00003cdc    00000014                   : aux_adc.obj (.text:NOROM_AUXADCValueToMicrovolts)
                  00003cf0    00000014                   : chipinfo.obj (.text:NOROM_ThisCodeIsBuiltForCC26xxHwRev22AndLater_HaltIfViolated)
                  00003d04    00000014     rtsv7M3_T_le_eabi.lib : strlen.c.obj (.text:strlen)
                  00003d18    00000014     main_pem3.oem3 (.text:ti_sysbios_knl_Clock_doTick__I)
                  00003d2c    00000012     main_pem3.oem3 (.text:xdc_runtime_Startup_exec__I)
                  00003d3e    00000002     rom_sysbios.aem3 : rom_sysbios.obj (.text:xdc_runtime_SysCallback_defaultAbort)
                  00003d40    00000010     driverlib.lib : aux_adc.obj (.text:NOROM_AUXADCFlushFifo)
                  00003d50    00000010                   : aux_adc.obj (.text:NOROM_AUXADCReadFifo)
                  00003d60    00000010                   : setup_rom.obj (.text:NOROM_SetupGetTrimForXoscHfFastStart)
                  00003d70    00000010                   : setup_rom.obj (.text:NOROM_SetupGetTrimForXoscHfIbiastherm)
                  00003d80    00000010     rom_sysbios.aem3 : rom_sysbios.obj (.text:xdc_runtime_SysMin_ready__E)
                  00003d90    00000010                      : rom_sysbios.obj (.text:xdc_runtime_System_vsnprintf__E)
                  00003da0    0000000e     driverlib.lib : vims.obj (.text:NOROM_VIMSModeGet)
                  00003dae    0000000e     rtsv7M3_T_le_eabi.lib : copy_decompress_none.c.obj (.text:decompress:none:__TI_decompress_none)
                  00003dbc    0000000e     rom_sysbios.aem3 : rom_sysbios.obj (.text:ti_sysbios_family_arm_cc26xx_TimestampProvider_get32__E)
                  00003dca    0000000c     driverlib.lib : cpu.obj (.text:NOROM_CPUcpsid)
                  00003dd6    0000000c                   : cpu.obj (.text:NOROM_CPUcpsie)
                  00003de2    00000002     rom_sysbios.aem3 : rom_sysbios.obj (.text:xdc_runtime_SysCallback_defaultExit)
                  00003de4    0000000c     drivers_cc26xxware.aem3 : PowerCC26XX.oem3 (.text:Power_getConstraintMask)
                  00003df0    0000000c                             : PowerCC26XX.oem3 (.text:Power_getDependencyCount)
                  00003dfc    0000000c     rtsv7M3_T_le_eabi.lib : _lock.c.obj (.text:_register_lock)
                  00003e08    0000000c                           : _lock.c.obj (.text:_register_unlock)
                  00003e14    0000000c                           : copy_zero_init.c.obj (.text:decompress:ZI:__TI_zero_init)
                  00003e20    0000000c     rom_sysbios.aem3 : rom_sysbios.obj (.text:ti_sysbios_knl_Swi_getTrigger__E)
                  00003e2c    0000000c     main_pem3.oem3 (.text:xdc_runtime_Startup_reset__I)
                  00003e38    0000000c     rom_sysbios.aem3 : rom_sysbios.obj (.text:xdc_runtime_Startup_rtsDone__E)
                  00003e44    0000000a     drivers_cc26xxware.aem3 : ADC.oem3 (.text:ADC_close)
                  00003e4e    0000000a                             : ADC.oem3 (.text:ADC_convert)
                  00003e58    0000000a                             : List.oem3 (.text:List_empty)
                  00003e62    00000008                             : ADCCC26XX.oem3 (.text:ADCCC26XX_init)
                  00003e6a    00000008     main_pem3.oem3 (.text:xdc_runtime_Text_visitRope__I)
                  00003e72    00000006     drivers_cc26xxware.aem3 : ADCCC26XX.oem3 (.text:ADCCC26XX_control)
                  00003e78    00000006                             : ADC.oem3 (.text:ADC_Params_init)
                  00003e7e    00000004                             : List.oem3 (.text:List_head)
                  00003e82    00000004                             : List.oem3 (.text:List_next)
                  00003e86    00000004                             : PowerCC26XX.oem3 (.text:nopResourceHandler)
                  00003e8a    00000004     rom_sysbios.aem3 : rom_sysbios.obj (.text:ti_sysbios_family_arm_cc26xx_Timer_getCount64__E)
                  00003e8e    00000004                      : rom_sysbios.obj (.text:xdc_runtime_System_printf_va__F)
                  00003e92    00000002     --HOLE-- [fill = 0]
                  00003e94    00000008     (.tramp.xdc_runtime_Startup_startMods__I.1)
                  00003e9c    00000008     (.tramp.ti_sysbios_knl_Clock_logTick__E.1)
                  00003ea4    00000008     (.tramp.ti_sysbios_knl_Task_Params__init__S.1)
                  00003eac    00000008     (.tramp.ti_sysbios_knl_Swi_post__E.1)
                  00003eb4    00000008     (.tramp.ti_sysbios_BIOS_RtsGateProxy_leave__E.1)
                  00003ebc    00000008     (.tramp.ti_sysbios_BIOS_RtsGateProxy_enter__E.1)
                  00003ec4    00000008     (.tramp.ti_sysbios_knl_Task_startup__E.1)
                  00003ecc    00000008     (.tramp.ti_sysbios_knl_Swi_startup__E.1)
                  00003ed4    00000008     (.tramp.ti_sysbios_hal_Hwi_startup__E.1)
                  00003edc    00000008     (.tramp.ti_sysbios_family_arm_cc26xx_Timer_startup__E.1)
                  00003ee4    00000008     (.tramp.xdc_runtime_System_atexit__E.1)
                  00003eec    00000008     (.tramp.ti_sysbios_BIOS_setThreadType__E.1)
                  00003ef4    00000008     (.tramp.ti_sysbios_knl_Semaphore_destruct.1)
                  00003efc    00000008     (.tramp.xdc_runtime_Gate_leaveSystem__E.1)
                  00003f04    00000008     (.tramp.xdc_runtime_Gate_enterSystem__E.1)
                  00003f0c    00000008     (.tramp.xdc_runtime_System_exit__E.1)
                  00003f14    00000008     (.tramp.ti_sysbios_knl_Semaphore_post__E.1)
                  00003f1c    00000008     (.tramp.ti_sysbios_knl_Semaphore_pend__E.1)
                  00003f24    00000008     (.tramp.ti_sysbios_knl_Clock_scheduleNextTick__E.1)
                  00003f2c    00000008     (.tramp.ti_sysbios_knl_Clock_walkQueueDynamic__E.1)
                  00003f34    00000008     (.tramp.ti_sysbios_knl_Clock_TimerProxy_getCurrentTick__E.1)
                  00003f3c    00000008     (.tramp.ti_sysbios_family_arm_m3_Hwi_restoreFxn__E.1)
                  00003f44    00000008     (.tramp.ti_sysbios_family_arm_m3_Hwi_disableFxn__E.1)
                  00003f4c    00000008     (.tramp.ti_sysbios_knl_Clock_setTimeout__E.1)
                  00003f54    00000008     (.tramp.ti_sysbios_knl_Clock_construct.1)
                  00003f5c    00000008     (.tramp.ti_sysbios_knl_Clock_Params__init__S.1)
                  00003f64    00000008     (.tramp.ti_sysbios_BIOS_start__E.1)
                  00003f6c    00000008     (.tramp.ti_sysbios_knl_Task_construct.1)
                  00003f74    00000008     (.tramp.xdc_runtime_System_abort__E.1)
                  00003f7c    00000008     (.tramp.ti_sysbios_knl_Clock_start__E.1)
                  00003f84    00000008     (.tramp.xdc_runtime_System_abortSpin__E.1)
                  00003f8c    00000008     (.tramp.ti_sysbios_knl_Swi_construct.1)
                  00003f94    00000008     (.tramp.ti_sysbios_knl_Swi_Params__init__S.1)
                  00003f9c    00000008     (.tramp.ti_sysbios_family_arm_m3_Hwi_construct.1)
                  00003fa4    00000008     (.tramp.ti_sysbios_family_arm_m3_Hwi_Params__init__S.1)
                  00003fac    00000008     (.tramp.ti_sysbios_knl_Semaphore_construct.1)
                  00003fb4    00000008     (.tramp.ti_sysbios_knl_Semaphore_Params__init__S.1)
                  00003fbc    00000008     (.tramp.ti_sysbios_knl_Task_restore__E.1)
                  00003fc4    00000008     (.tramp.ti_sysbios_knl_Swi_restore__E.1)
                  00003fcc    00000008     (.tramp.ti_sysbios_knl_Swi_disable__E.1)
                  00003fd4    00000008     (.tramp.ti_sysbios_knl_Task_disable__E.1)

.const     0    00003fdc    00000241     
                  00003fdc    00000090     CC2650_LAUNCHXL.obj (.const:ADC_config)
                  0000406c    0000004c     drivers_cc26xxware.aem3 : PowerCC26XX.oem3 (.const:resourceDB)
                  000040b8    00000048     main_pem3.oem3 (.const:.string)
                  00004100    00000042     CC2650_LAUNCHXL.obj (.const:adcCC26xxHWAttrs)
                  00004142    00000002     main_pem3.oem3 (.const:xdc_runtime_SysMin_flushAtExit__C)
                  00004144    0000002c     CC2650_LAUNCHXL.obj (.const:BoardGpioInitTable)
                  00004170    00000028     main_pem3.oem3 (.const:xdc_runtime_Startup_sfxnTab__A)
                  00004198    00000018     drivers_cc26xxware.aem3 : ADCCC26XX.oem3 (.const)
                  000041b0    00000014     main.obj (.const:$P$T0$1)
                  000041c4    00000014     main_pem3.oem3 (.const:xdc_runtime_Startup_sfxnRts__A)
                  000041d8    00000010     CC2650_LAUNCHXL.obj (.const:PowerCC26XX_config)
                  000041e8    0000000c     main_pem3.oem3 (.const:xdc_runtime_Startup_firstFxns__A)
                  000041f4    00000008     CC2650_LAUNCHXL.obj (.const:PINCC26XX_hwAttrs)
                  000041fc    00000004     main_pem3.oem3 (.const:ti_sysbios_knl_Clock_tickPeriod__C)
                  00004200    00000004     main_pem3.oem3 (.const:ti_sysbios_knl_Clock_triggerClock__C)
                  00004204    00000004     main_pem3.oem3 (.const:ti_sysbios_knl_Idle_funcList__A)
                  00004208    00000004     main_pem3.oem3 (.const:xdc_runtime_SysMin_bufSize__C)
                  0000420c    00000004     main_pem3.oem3 (.const:xdc_runtime_SysMin_outputFunc__C)
                  00004210    00000004     main_pem3.oem3 (.const:xdc_runtime_System_extendFxn__C)
                  00004214    00000004     main_pem3.oem3 (.const:xdc_runtime_Text_visitRopeFxn__C)
                  00004218    00000002     main_pem3.oem3 (.const:xdc_runtime_Text_registryModsLastId__C)
                  0000421a    00000002     main_pem3.oem3 (.const:xdc_runtime_Text_unnamedModsLastId__C)
                  0000421c    00000001     main_pem3.oem3 (.const:xdc_runtime_Text_charTab__A)

.cinit     0    00004220    00000240     
                  00004220    00000107     (.cinit..data.load) [load image, compression = lzss]
                  00004327    00000028     (.cinit..data:ti_sysbios_family_arm_m3_Hwi_Module__state__V.load) [load image, compression = lzss]
                  0000434f    00000021     (.cinit..data:ti_sysbios_knl_Task_Module__state__V.load) [load image, compression = lzss]
                  00004370    0000001f     (.cinit..data:ti_sysbios_BIOS_Module__state__V.load) [load image, compression = lzss]
                  0000438f    0000001d     (.cinit..data:ti_sysbios_knl_Clock_Module__state__V.load) [load image, compression = lzss]
                  000043ac    00000010     (.cinit..data:ti_sysbios_knl_Swi_Module__state__V.load) [load image, compression = lzss]
                  000043bc    0000000c     (__TI_handler_table)
                  000043c8    0000000b     (.cinit..data:ti_sysbios_family_arm_cc26xx_Timer_Module__state__V.load) [load image, compression = lzss]
                  000043d3    0000000b     (.cinit..data:xdc_runtime_System_Module__state__V.load) [load image, compression = lzss]
                  000043de    00000002     --HOLE-- [fill = 0]
                  000043e0    00000008     (.cinit..bss.load) [load image, compression = zero_init]
                  000043e8    00000008     (.cinit..data:xdc_runtime_Memory_Module__state__V.load) [load image, compression = lzss]
                  000043f0    00000007     (.cinit..data:ti_sysbios_family_arm_cc26xx_TimestampProvider_Module__state__V.load) [load image, compression = lzss]
                  000043f7    00000007     (.cinit..data:xdc_runtime_Startup_Module__state__V.load) [load image, compression = lzss]
                  000043fe    00000002     --HOLE-- [fill = 0]
                  00004400    00000060     (__TI_cinit_table)

.init_array 
*          0    00000000    00000000     UNINITIALIZED

.ccfg      0    0001ffa8    00000058     
                  0001ffa8    00000058     ccfg.obj (.ccfg:retain)

.const:ti_sysbios_knl_Task_Object__PARAMS__C 
*          0    00000100    0000003c     
                  00000100    0000003c     main_pem3.oem3 (.const:ti_sysbios_knl_Task_Object__PARAMS__C)

.const:ti_sysbios_knl_Mailbox_Object__PARAMS__C 
*          0    0000013c    00000034     
                  0000013c    00000034     main_pem3.oem3 (.const:ti_sysbios_knl_Mailbox_Object__PARAMS__C)

.const:ti_sysbios_family_arm_m3_Hwi_Object__PARAMS__C 
*          0    00000170    00000030     
                  00000170    00000030     main_pem3.oem3 (.const:ti_sysbios_family_arm_m3_Hwi_Object__PARAMS__C)

.const:ti_sysbios_hal_Hwi_Object__PARAMS__C 
*          0    000001a0    0000002c     
                  000001a0    0000002c     main_pem3.oem3 (.const:ti_sysbios_hal_Hwi_Object__PARAMS__C)

.const:ti_sysbios_heaps_HeapMem_Module__FXNS__C 
*          0    000001cc    00000028     
                  000001cc    00000028     main_pem3.oem3 (.const:ti_sysbios_heaps_HeapMem_Module__FXNS__C)

.const:ti_sysbios_knl_Swi_Object__PARAMS__C 
*          0    000001f4    00000028     
                  000001f4    00000028     main_pem3.oem3 (.const:ti_sysbios_knl_Swi_Object__PARAMS__C)

.const:ti_sysbios_gates_GateHwi_Module__FXNS__C 
*          0    0000021c    00000024     
                  0000021c    00000024     main_pem3.oem3 (.const:ti_sysbios_gates_GateHwi_Module__FXNS__C)

.const:ti_sysbios_gates_GateMutex_Module__FXNS__C 
*          0    00000240    00000024     
                  00000240    00000024     main_pem3.oem3 (.const:ti_sysbios_gates_GateMutex_Module__FXNS__C)

.const:ti_sysbios_heaps_HeapMem_Object__PARAMS__C 
*          0    00000264    00000024     
                  00000264    00000024     main_pem3.oem3 (.const:ti_sysbios_heaps_HeapMem_Object__PARAMS__C)

.const:ti_sysbios_knl_Clock_Object__PARAMS__C 
*          0    00000288    00000024     
                  00000288    00000024     main_pem3.oem3 (.const:ti_sysbios_knl_Clock_Object__PARAMS__C)

.const:ti_sysbios_knl_Semaphore_Object__PARAMS__C 
*          0    000002ac    00000024     
                  000002ac    00000024     main_pem3.oem3 (.const:ti_sysbios_knl_Semaphore_Object__PARAMS__C)

.const:ti_sysbios_family_arm_m3_Hwi_Object__DESC__C 
*          0    000002d0    00000020     
                  000002d0    00000020     main_pem3.oem3 (.const:ti_sysbios_family_arm_m3_Hwi_Object__DESC__C)

.const:ti_sysbios_gates_GateHwi_Object__DESC__C 
*          0    000002f0    00000020     
                  000002f0    00000020     main_pem3.oem3 (.const:ti_sysbios_gates_GateHwi_Object__DESC__C)

.const:ti_sysbios_gates_GateMutex_Object__DESC__C 
*          0    00000310    00000020     
                  00000310    00000020     main_pem3.oem3 (.const:ti_sysbios_gates_GateMutex_Object__DESC__C)

.const:ti_sysbios_hal_Hwi_Object__DESC__C 
*          0    00000330    00000020     
                  00000330    00000020     main_pem3.oem3 (.const:ti_sysbios_hal_Hwi_Object__DESC__C)

.const:ti_sysbios_heaps_HeapMem_Object__DESC__C 
*          0    00000350    00000020     
                  00000350    00000020     main_pem3.oem3 (.const:ti_sysbios_heaps_HeapMem_Object__DESC__C)

.const:ti_sysbios_knl_Clock_Object__DESC__C 
*          0    00000370    00000020     
                  00000370    00000020     main_pem3.oem3 (.const:ti_sysbios_knl_Clock_Object__DESC__C)

.const:ti_sysbios_knl_Mailbox_Object__DESC__C 
*          0    00000390    00000020     
                  00000390    00000020     main_pem3.oem3 (.const:ti_sysbios_knl_Mailbox_Object__DESC__C)

.const:ti_sysbios_knl_Queue_Object__DESC__C 
*          0    000003b0    00000020     
                  000003b0    00000020     main_pem3.oem3 (.const:ti_sysbios_knl_Queue_Object__DESC__C)

.const:ti_sysbios_knl_Semaphore_Object__DESC__C 
*          0    000003d0    00000020     
                  000003d0    00000020     main_pem3.oem3 (.const:ti_sysbios_knl_Semaphore_Object__DESC__C)

.const:ti_sysbios_knl_Swi_Object__DESC__C 
*          0    000003f0    00000020     
                  000003f0    00000020     main_pem3.oem3 (.const:ti_sysbios_knl_Swi_Object__DESC__C)

.const:ti_sysbios_knl_Task_Object__DESC__C 
*          0    00000410    00000020     
                  00000410    00000020     main_pem3.oem3 (.const:ti_sysbios_knl_Task_Object__DESC__C)

.const:ti_sysbios_gates_GateHwi_Object__PARAMS__C 
*          0    00000430    00000018     
                  00000430    00000018     main_pem3.oem3 (.const:ti_sysbios_gates_GateHwi_Object__PARAMS__C)

.const:ti_sysbios_gates_GateMutex_Object__PARAMS__C 
*          0    00000448    00000018     
                  00000448    00000018     main_pem3.oem3 (.const:ti_sysbios_gates_GateMutex_Object__PARAMS__C)

.const:ti_sysbios_knl_Queue_Object__PARAMS__C 
*          0    00000460    00000018     
                  00000460    00000018     main_pem3.oem3 (.const:ti_sysbios_knl_Queue_Object__PARAMS__C)

.const:ti_sysbios_knl_Idle_funcList__C 
*          0    00000478    00000008     
                  00000478    00000008     main_pem3.oem3 (.const:ti_sysbios_knl_Idle_funcList__C)

.const:ti_sysbios_family_arm_cc26xx_Timer_startupNeeded__C 
*          0    00000484    00000004     
                  00000484    00000004     main_pem3.oem3 (.const:ti_sysbios_family_arm_cc26xx_Timer_startupNeeded__C)

.const:ti_sysbios_family_arm_m3_Hwi_E_alreadyDefined__C 
*          0    00000488    00000004     
                  00000488    00000004     main_pem3.oem3 (.const:ti_sysbios_family_arm_m3_Hwi_E_alreadyDefined__C)

.const:ti_sysbios_family_arm_m3_Hwi_E_hwiLimitExceeded__C 
*          0    0000048c    00000004     
                  0000048c    00000004     main_pem3.oem3 (.const:ti_sysbios_family_arm_m3_Hwi_E_hwiLimitExceeded__C)

.const:ti_sysbios_family_arm_m3_Hwi_NUM_INTERRUPTS__C 
*          0    00000490    00000004     
                  00000490    00000004     main_pem3.oem3 (.const:ti_sysbios_family_arm_m3_Hwi_NUM_INTERRUPTS__C)

.const:ti_sysbios_family_arm_m3_Hwi_Object__count__C 
*          0    00000494    00000004     
                  00000494    00000004     main_pem3.oem3 (.const:ti_sysbios_family_arm_m3_Hwi_Object__count__C)

.const:ti_sysbios_family_arm_m3_Hwi_Object__table__C 
*          0    00000498    00000004     
                  00000498    00000004     main_pem3.oem3 (.const:ti_sysbios_family_arm_m3_Hwi_Object__table__C)

.const:ti_sysbios_family_arm_m3_Hwi_ccr__C 
*          0    0000049c    00000004     
                  0000049c    00000004     main_pem3.oem3 (.const:ti_sysbios_family_arm_m3_Hwi_ccr__C)

.const:ti_sysbios_family_arm_m3_Hwi_excHandlerFunc__C 
*          0    000004a0    00000004     
                  000004a0    00000004     main_pem3.oem3 (.const:ti_sysbios_family_arm_m3_Hwi_excHandlerFunc__C)

.const:ti_sysbios_family_arm_m3_Hwi_nullIsrFunc__C 
*          0    000004a4    00000004     
                  000004a4    00000004     main_pem3.oem3 (.const:ti_sysbios_family_arm_m3_Hwi_nullIsrFunc__C)

.const:ti_sysbios_family_arm_m3_Hwi_numSparseInterrupts__C 
*          0    000004a8    00000004     
                  000004a8    00000004     main_pem3.oem3 (.const:ti_sysbios_family_arm_m3_Hwi_numSparseInterrupts__C)

.const:ti_sysbios_family_arm_m3_Hwi_priGroup__C 
*          0    000004ac    00000004     
                  000004ac    00000004     main_pem3.oem3 (.const:ti_sysbios_family_arm_m3_Hwi_priGroup__C)

.const:ti_sysbios_family_arm_m3_TaskSupport_stackAlignment__C 
*          0    000004b0    00000004     
                  000004b0    00000004     main_pem3.oem3 (.const:ti_sysbios_family_arm_m3_TaskSupport_stackAlignment__C)

.const:ti_sysbios_heaps_HeapMem_E_memory__C 
*          0    000004b4    00000004     
                  000004b4    00000004     main_pem3.oem3 (.const:ti_sysbios_heaps_HeapMem_E_memory__C)

.const:ti_sysbios_heaps_HeapMem_Module__gateObj__C 
*          0    000004b8    00000004     
                  000004b8    00000004     main_pem3.oem3 (.const:ti_sysbios_heaps_HeapMem_Module__gateObj__C)

.const:ti_sysbios_heaps_HeapMem_Object__count__C 
*          0    000004bc    00000004     
                  000004bc    00000004     main_pem3.oem3 (.const:ti_sysbios_heaps_HeapMem_Object__count__C)

.const:ti_sysbios_heaps_HeapMem_Object__table__C 
*          0    000004c0    00000004     
                  000004c0    00000004     main_pem3.oem3 (.const:ti_sysbios_heaps_HeapMem_Object__table__C)

.const:ti_sysbios_heaps_HeapMem_reqAlign__C 
*          0    000004c4    00000004     
                  000004c4    00000004     main_pem3.oem3 (.const:ti_sysbios_heaps_HeapMem_reqAlign__C)

.const:ti_sysbios_knl_Clock_serviceMargin__C 
*          0    000004c8    00000004     
                  000004c8    00000004     main_pem3.oem3 (.const:ti_sysbios_knl_Clock_serviceMargin__C)

.const:ti_sysbios_knl_Mailbox_Object__count__C 
*          0    000004cc    00000004     
                  000004cc    00000004     main_pem3.oem3 (.const:ti_sysbios_knl_Mailbox_Object__count__C)

.const:ti_sysbios_knl_Mailbox_Object__table__C 
*          0    000004d0    00000004     
                  000004d0    00000004     main_pem3.oem3 (.const:ti_sysbios_knl_Mailbox_Object__table__C)

.const:ti_sysbios_knl_Queue_Object__count__C 
*          0    000004d4    00000004     
                  000004d4    00000004     main_pem3.oem3 (.const:ti_sysbios_knl_Queue_Object__count__C)

.const:ti_sysbios_knl_Queue_Object__table__C 
*          0    000004d8    00000004     
                  000004d8    00000004     main_pem3.oem3 (.const:ti_sysbios_knl_Queue_Object__table__C)

.const:ti_sysbios_knl_Swi_Object__count__C 
*          0    000004dc    00000004     
                  000004dc    00000004     main_pem3.oem3 (.const:ti_sysbios_knl_Swi_Object__count__C)

.const:ti_sysbios_knl_Swi_Object__table__C 
*          0    000004e0    00000004     
                  000004e0    00000004     main_pem3.oem3 (.const:ti_sysbios_knl_Swi_Object__table__C)

.const:ti_sysbios_knl_Swi_numPriorities__C 
*          0    000004e4    00000004     
                  000004e4    00000004     main_pem3.oem3 (.const:ti_sysbios_knl_Swi_numPriorities__C)

.const:ti_sysbios_knl_Task_Object__count__C 
*          0    000004e8    00000004     
                  000004e8    00000004     main_pem3.oem3 (.const:ti_sysbios_knl_Task_Object__count__C)

.const:ti_sysbios_knl_Task_Object__table__C 
*          0    000004ec    00000004     
                  000004ec    00000004     main_pem3.oem3 (.const:ti_sysbios_knl_Task_Object__table__C)

.const:ti_sysbios_knl_Task_allBlockedFunc__C 
*          0    000004f0    00000004     
                  000004f0    00000004     main_pem3.oem3 (.const:ti_sysbios_knl_Task_allBlockedFunc__C)

.const:ti_sysbios_knl_Task_defaultStackHeap__C 
*          0    000004f4    00000004     
                  000004f4    00000004     main_pem3.oem3 (.const:ti_sysbios_knl_Task_defaultStackHeap__C)

.const:ti_sysbios_knl_Task_defaultStackSize__C 
*          0    000004f8    00000004     
                  000004f8    00000004     main_pem3.oem3 (.const:ti_sysbios_knl_Task_defaultStackSize__C)

.const:ti_sysbios_knl_Task_numConstructedTasks__C 
*          0    000004fc    00000004     
                  000004fc    00000004     main_pem3.oem3 (.const:ti_sysbios_knl_Task_numConstructedTasks__C)

.const:ti_sysbios_family_arm_cc26xx_Timer_Module__id__C 
*          0    00000502    00000002     
                  00000502    00000002     main_pem3.oem3 (.const:ti_sysbios_family_arm_cc26xx_Timer_Module__id__C)

.const:ti_sysbios_family_arm_cc26xx_TimestampProvider_useClockTimer__C 
*          0    00000504    00000002     
                  00000504    00000002     main_pem3.oem3 (.const:ti_sysbios_family_arm_cc26xx_TimestampProvider_useClockTimer__C)

.const:ti_sysbios_family_arm_m3_Hwi_Module__id__C 
*          0    00000506    00000002     
                  00000506    00000002     main_pem3.oem3 (.const:ti_sysbios_family_arm_m3_Hwi_Module__id__C)

.const:ti_sysbios_gates_GateHwi_Module__id__C 
*          0    00000508    00000002     
                  00000508    00000002     main_pem3.oem3 (.const:ti_sysbios_gates_GateHwi_Module__id__C)

.const:ti_sysbios_gates_GateMutex_Module__id__C 
*          0    0000050a    00000002     
                  0000050a    00000002     main_pem3.oem3 (.const:ti_sysbios_gates_GateMutex_Module__id__C)

.const:ti_sysbios_heaps_HeapMem_Module__id__C 
*          0    0000050c    00000002     
                  0000050c    00000002     main_pem3.oem3 (.const:ti_sysbios_heaps_HeapMem_Module__id__C)

.const:ti_sysbios_knl_Task_initStackFlag__C 
*          0    0000050e    00000002     
                  0000050e    00000002     main_pem3.oem3 (.const:ti_sysbios_knl_Task_initStackFlag__C)

.const:ti_sysbios_knl_Clock_tickMode__C 
*          0    00000510    00000001     
                  00000510    00000001     main_pem3.oem3 (.const:ti_sysbios_knl_Clock_tickMode__C)

.const:xdc_runtime_Startup_firstFxns__C 
*          0    00000514    00000008     
                  00000514    00000008     main_pem3.oem3 (.const:xdc_runtime_Startup_firstFxns__C)

.const:xdc_runtime_Startup_lastFxns__C 
*          0    0000051c    00000008     
                  0000051c    00000008     main_pem3.oem3 (.const:xdc_runtime_Startup_lastFxns__C)

.const:xdc_runtime_Assert_E_assertFailed__C 
*          0    00000524    00000004     
                  00000524    00000004     main_pem3.oem3 (.const:xdc_runtime_Assert_E_assertFailed__C)

.const:xdc_runtime_Error_E_memory__C 
*          0    00000528    00000004     
                  00000528    00000004     main_pem3.oem3 (.const:xdc_runtime_Error_E_memory__C)

.const:xdc_runtime_Error_policyFxn__C 
*          0    0000052c    00000004     
                  0000052c    00000004     main_pem3.oem3 (.const:xdc_runtime_Error_policyFxn__C)

.const:xdc_runtime_IGateProvider_Interface__BASE__C 
*          0    00000530    00000004     
                  00000530    00000004     main_pem3.oem3 (.const:xdc_runtime_IGateProvider_Interface__BASE__C)

.const:xdc_runtime_IHeap_Interface__BASE__C 
*          0    00000534    00000004     
                  00000534    00000004     main_pem3.oem3 (.const:xdc_runtime_IHeap_Interface__BASE__C)

.const:xdc_runtime_IModule_Interface__BASE__C 
*          0    00000538    00000004     
                  00000538    00000004     main_pem3.oem3 (.const:xdc_runtime_IModule_Interface__BASE__C)

.const:xdc_runtime_Main_Module__diagsEnabled__C 
*          0    0000053c    00000004     
                  0000053c    00000004     main_pem3.oem3 (.const:xdc_runtime_Main_Module__diagsEnabled__C)

.const:xdc_runtime_Main_Module__diagsIncluded__C 
*          0    00000540    00000004     
                  00000540    00000004     main_pem3.oem3 (.const:xdc_runtime_Main_Module__diagsIncluded__C)

.const:xdc_runtime_Main_Module__diagsMask__C 
*          0    00000544    00000004     
                  00000544    00000004     main_pem3.oem3 (.const:xdc_runtime_Main_Module__diagsMask__C)

.const:xdc_runtime_Memory_defaultHeapInstance__C 
*          0    00000548    00000004     
                  00000548    00000004     main_pem3.oem3 (.const:xdc_runtime_Memory_defaultHeapInstance__C)

.const:xdc_runtime_Startup_execImpl__C 
*          0    0000054c    00000004     
                  0000054c    00000004     main_pem3.oem3 (.const:xdc_runtime_Startup_execImpl__C)

.const:xdc_runtime_Startup_maxPasses__C 
*          0    00000550    00000004     
                  00000550    00000004     main_pem3.oem3 (.const:xdc_runtime_Startup_maxPasses__C)

.const:xdc_runtime_Startup_sfxnRts__C 
*          0    00000554    00000004     
                  00000554    00000004     main_pem3.oem3 (.const:xdc_runtime_Startup_sfxnRts__C)

.const:xdc_runtime_Startup_sfxnTab__C 
*          0    00000558    00000004     
                  00000558    00000004     main_pem3.oem3 (.const:xdc_runtime_Startup_sfxnTab__C)

.const:xdc_runtime_Startup_startModsFxn__C 
*          0    0000055c    00000004     
                  0000055c    00000004     main_pem3.oem3 (.const:xdc_runtime_Startup_startModsFxn__C)

.const:xdc_runtime_SysCallback_abortFxn__C 
*          0    00000560    00000004     
                  00000560    00000004     main_pem3.oem3 (.const:xdc_runtime_SysCallback_abortFxn__C)

.const:xdc_runtime_SysCallback_exitFxn__C 
*          0    00000564    00000004     
                  00000564    00000004     main_pem3.oem3 (.const:xdc_runtime_SysCallback_exitFxn__C)

.const:xdc_runtime_System_abortFxn__C 
*          0    00000568    00000004     
                  00000568    00000004     main_pem3.oem3 (.const:xdc_runtime_System_abortFxn__C)

.const:xdc_runtime_System_exitFxn__C 
*          0    0000056c    00000004     
                  0000056c    00000004     main_pem3.oem3 (.const:xdc_runtime_System_exitFxn__C)

.const:xdc_runtime_System_maxAtexitHandlers__C 
*          0    00000570    00000004     
                  00000570    00000004     main_pem3.oem3 (.const:xdc_runtime_System_maxAtexitHandlers__C)

.const:xdc_runtime_Text_charTab__C 
*          0    00000574    00000004     
                  00000574    00000004     main_pem3.oem3 (.const:xdc_runtime_Text_charTab__C)

.const:xdc_runtime_Text_nameEmpty__C 
*          0    00000578    00000004     
                  00000578    00000004     main_pem3.oem3 (.const:xdc_runtime_Text_nameEmpty__C)

.const:xdc_runtime_Text_nameStatic__C 
*          0    0000057c    00000004     
                  0000057c    00000004     main_pem3.oem3 (.const:xdc_runtime_Text_nameStatic__C)

.const:xdc_runtime_Text_nameUnknown__C 
*          0    00000580    00000004     
                  00000580    00000004     main_pem3.oem3 (.const:xdc_runtime_Text_nameUnknown__C)

.const:xdc_runtime_Main_Module__id__C 
*          0    00000584    00000002     
                  00000584    00000002     main_pem3.oem3 (.const:xdc_runtime_Main_Module__id__C)

.const:xdc_runtime_Memory_Module__id__C 
*          0    00000586    00000002     
                  00000586    00000002     main_pem3.oem3 (.const:xdc_runtime_Memory_Module__id__C)

.const:xdc_runtime_Text_charCnt__C 
*          0    00000588    00000002     
                  00000588    00000002     main_pem3.oem3 (.const:xdc_runtime_Text_charCnt__C)

.const:xdc_runtime_Text_isLoaded__C 
*          0    0000058a    00000002     
                  0000058a    00000002     main_pem3.oem3 (.const:xdc_runtime_Text_isLoaded__C)

.const:ti_sysbios_rom_ROM_AONRTCChannelEnable 
*          0    00000590    00000004     
                  00000590    00000004     main_pem3.oem3 (.const:ti_sysbios_rom_ROM_AONRTCChannelEnable)

.const:ti_sysbios_rom_ROM_AONRTCCompareValueSet 
*          0    00000594    00000004     
                  00000594    00000004     main_pem3.oem3 (.const:ti_sysbios_rom_ROM_AONRTCCompareValueSet)

.const:ti_sysbios_rom_ROM_AONRTCCurrentCompareValueGet 
*          0    00000598    00000004     
                  00000598    00000004     main_pem3.oem3 (.const:ti_sysbios_rom_ROM_AONRTCCurrentCompareValueGet)

.const:ti_sysbios_rom_ROM_AONRTCEventClear 
*          0    0000059c    00000004     
                  0000059c    00000004     main_pem3.oem3 (.const:ti_sysbios_rom_ROM_AONRTCEventClear)

.const:ti_sysbios_rom_ROM_ti_sysbios_family_arm_cc26xx_Timer_getCount64__E 
*          0    000005a0    00000004     
                  000005a0    00000004     main_pem3.oem3 (.const:ti_sysbios_rom_ROM_ti_sysbios_family_arm_cc26xx_Timer_getCount64__E)

.const:ti_sysbios_rom_ROM_ti_sysbios_family_arm_cc26xx_Timer_getCurrentTick__E 
*          0    000005a4    00000004     
                  000005a4    00000004     main_pem3.oem3 (.const:ti_sysbios_rom_ROM_ti_sysbios_family_arm_cc26xx_Timer_getCurrentTick__E)

.const:ti_sysbios_rom_ROM_ti_sysbios_family_arm_cc26xx_Timer_getMaxTicks__E 
*          0    000005a8    00000004     
                  000005a8    00000004     main_pem3.oem3 (.const:ti_sysbios_rom_ROM_ti_sysbios_family_arm_cc26xx_Timer_getMaxTicks__E)

.const:ti_sysbios_rom_ROM_ti_sysbios_family_arm_cc26xx_Timer_setNextTick__E 
*          0    000005b0    00000004     
                  000005b0    00000004     main_pem3.oem3 (.const:ti_sysbios_rom_ROM_ti_sysbios_family_arm_cc26xx_Timer_setNextTick__E)

.const:ti_sysbios_rom_ROM_ti_sysbios_family_arm_cc26xx_Timer_setThreshold__I 
*          0    000005b4    00000004     
                  000005b4    00000004     main_pem3.oem3 (.const:ti_sysbios_rom_ROM_ti_sysbios_family_arm_cc26xx_Timer_setThreshold__I)

.const:ti_sysbios_rom_ROM_ti_sysbios_family_arm_cc26xx_Timer_start__E 
*          0    000005b8    00000004     
                  000005b8    00000004     main_pem3.oem3 (.const:ti_sysbios_rom_ROM_ti_sysbios_family_arm_cc26xx_Timer_start__E)

.const:ti_sysbios_rom_ROM_ti_sysbios_family_arm_cc26xx_TimestampProvider_get32__E 
*          0    000005bc    00000004     
                  000005bc    00000004     main_pem3.oem3 (.const:ti_sysbios_rom_ROM_ti_sysbios_family_arm_cc26xx_TimestampProvider_get32__E)

.const:ti_sysbios_rom_ROM_xdc_runtime_Startup_getState__I 
*          0    000005c0    00000004     
                  000005c0    00000004     main_pem3.oem3 (.const:ti_sysbios_rom_ROM_xdc_runtime_Startup_getState__I)

.const:ti_sysbios_rom_ROM_xdc_runtime_System_SupportProxy_abort__E 
*          0    000005c4    00000004     
                  000005c4    00000004     main_pem3.oem3 (.const:ti_sysbios_rom_ROM_xdc_runtime_System_SupportProxy_abort__E)

.const:ti_sysbios_rom_ROM_xdc_runtime_System_SupportProxy_exit__E 
*          0    000005c8    00000004     
                  000005c8    00000004     main_pem3.oem3 (.const:ti_sysbios_rom_ROM_xdc_runtime_System_SupportProxy_exit__E)

.const:ti_sysbios_knl_Clock_Module_State_clockQ__O 
*          0    000005d0    00000004     
                  000005d0    00000004     main_pem3.oem3 (.const:ti_sysbios_knl_Clock_Module_State_clockQ__O)

.const:ti_sysbios_knl_Mailbox_Instance_State_dataSem__O 
*          0    000005d8    00000004     
                  000005d8    00000004     main_pem3.oem3 (.const:ti_sysbios_knl_Mailbox_Instance_State_dataSem__O)

.const:ti_sysbios_knl_Mailbox_Instance_State_freeQue__O 
*          0    000005dc    00000004     
                  000005dc    00000004     main_pem3.oem3 (.const:ti_sysbios_knl_Mailbox_Instance_State_freeQue__O)

.const:ti_sysbios_knl_Mailbox_Instance_State_freeSem__O 
*          0    000005e0    00000004     
                  000005e0    00000004     main_pem3.oem3 (.const:ti_sysbios_knl_Mailbox_Instance_State_freeSem__O)

.const:ti_sysbios_knl_Semaphore_Instance_State_pendQ__O 
*          0    000005e4    00000004     
                  000005e4    00000004     main_pem3.oem3 (.const:ti_sysbios_knl_Semaphore_Instance_State_pendQ__O)

.data:ti_sysbios_knl_Task_Module__state__V 
*          0    20000100    00000044     UNINITIALIZED
                  20000100    00000044     main_pem3.oem3 (.data:ti_sysbios_knl_Task_Module__state__V)

.data:ti_sysbios_family_arm_m3_Hwi_Module__state__V 
*          0    20000144    00000034     UNINITIALIZED
                  20000144    00000034     main_pem3.oem3 (.data:ti_sysbios_family_arm_m3_Hwi_Module__state__V)

.data:ti_sysbios_BIOS_Module__state__V 
*          0    200001a4    00000024     UNINITIALIZED
                  200001a4    00000024     main_pem3.oem3 (.data:ti_sysbios_BIOS_Module__state__V)

.data:ti_sysbios_knl_Swi_Module__state__V 
*          0    200001c8    0000001c     UNINITIALIZED
                  200001c8    0000001c     main_pem3.oem3 (.data:ti_sysbios_knl_Swi_Module__state__V)

.data:ti_sysbios_family_arm_cc26xx_Timer_Module__state__V 
*          0    200001e4    00000008     UNINITIALIZED
                  200001e4    00000008     main_pem3.oem3 (.data:ti_sysbios_family_arm_cc26xx_Timer_Module__state__V)

.data:xdc_runtime_System_Module__state__V 
*          0    200001f8    00000008     UNINITIALIZED
                  200001f8    00000008     main_pem3.oem3 (.data:xdc_runtime_System_Module__state__V)

.bss       0    20000208    0000114b     UNINITIALIZED
                  20000208    00000400     (.common:ti_sysbios_heaps_HeapMem_Instance_State_0_buf__A)
                  20000608    00000300     (.common:task0Stack)
                  20000908    00000300     (.common:task1Stack)
                  20000c08    00000200     main_pem3.oem3 (.bss:taskStackSection)
                  20000e08    00000120     rtsv7M3_T_le_eabi.lib : trgmsg.c.obj (.bss:_CIOBUF_)
                  20000f28    000000dc     (.common:adcCC26xxObjects)
                  20001004    000000c8     (.common:ti_sysbios_family_arm_m3_Hwi_dispatchTable)
                  200010cc    00000080     (.common:xdc_runtime_SysMin_Module_State_0_outbuf__A)
                  2000114c    0000007c     drivers_cc26xxware.aem3 : PINCC26XX.oem3 (.bss:PIN_HandleTable)
                  200011c8    00000050     (.common:task0Struct)
                  20001218    00000050     (.common:task1Struct)
                  20001268    00000034                             : PINCC26XX.oem3 (.bss:PinSwi)
                  2000129c    00000020     (.common:PinGpioConfigTable)
                  200012bc    0000001c     (.common:PinHwi)
                  200012d8    0000001c     (.common:PinSem)
                  200012f4    0000001c     (.common:adcSemaphore)
                  20001310    00000014     driverlib.lib : osc.obj (.bss:oscHfGlobals)
                  20001324    00000014     (.common:adcValue1)
                  20001338    00000008                   : sys_ctrl.obj (.bss:powerQualGlobals)
                  20001340    00000008     (.common:parmbuf)
                  20001348    00000004     (.common:PIN_NumPins)
                  2000134c    00000004     (.common:pPinGpio)
                  20001350    00000002     (.common:adcValue0)
                  20001352    00000001     (.common:driverlib_release_0_47020)

.data      0    20001358    00000340     UNINITIALIZED
                  20001358    00000110     drivers_cc26xxware.aem3 : PowerCC26XX.oem3 (.data:PowerCC26XX_module)
                  20001468    0000004c     main_pem3.oem3 (.data:ti_sysbios_knl_Task_Object__table__V)
                  200014b4    00000004     drivers_cc26xxware.aem3 : ADC.oem3 (.data)
                  200014b8    00000048     main_pem3.oem3 (.data:ti_sysbios_family_arm_cc26xx_Timer_Object__table__V)
                  20001500    00000038     main_pem3.oem3 (.data:ti_sysbios_gates_GateMutex_Object__table__V)
                  20001538    00000030     main_pem3.oem3 (.data:ti_sysbios_knl_Swi_Module_State_0_readyQ__A)
                  20001568    00000030     main_pem3.oem3 (.data:ti_sysbios_knl_Swi_Object__table__V)
                  20001598    00000020     main_pem3.oem3 (.data:ti_sysbios_knl_Clock_Object__table__V)
                  200015b8    00000020     main_pem3.oem3 (.data:ti_sysbios_knl_Task_Module_State_0_readyQ__A)
                  200015d8    00000018     main_pem3.oem3 (.data:ti_sysbios_family_arm_m3_Hwi_Object__table__V)
                  200015f0    00000018     main_pem3.oem3 (.data:ti_sysbios_heaps_HeapMem_Object__table__V)
                  20001608    0000000c     main_pem3.oem3 (.data:xdc_runtime_SysMin_Module__state__V)
                  20001614    00000008     rtsv7M3_T_le_eabi.lib : _lock.c.obj (.data:$O1$$)
                  2000161c    00000008     main_pem3.oem3 (.data:ti_sysbios_family_arm_m3_Hwi_Module__root__V)
                  20001624    00000008     main_pem3.oem3 (.data:ti_sysbios_gates_GateHwi_Module__root__V)
                  2000162c    00000008     main_pem3.oem3 (.data:ti_sysbios_gates_GateMutex_Module__root__V)
                  20001634    00000008     main_pem3.oem3 (.data:ti_sysbios_hal_Hwi_Module__root__V)
                  2000163c    00000008     main_pem3.oem3 (.data:ti_sysbios_heaps_HeapMem_Module__root__V)
                  20001644    00000008     main_pem3.oem3 (.data:ti_sysbios_knl_Clock_Module__root__V)
                  2000164c    00000008     main_pem3.oem3 (.data:ti_sysbios_knl_Mailbox_Module__root__V)
                  20001654    00000008     main_pem3.oem3 (.data:ti_sysbios_knl_Queue_Module__root__V)
                  2000165c    00000008     main_pem3.oem3 (.data:ti_sysbios_knl_Semaphore_Module__root__V)
                  20001664    00000008     main_pem3.oem3 (.data:ti_sysbios_knl_Swi_Module__root__V)
                  2000166c    00000008     main_pem3.oem3 (.data:ti_sysbios_knl_Task_Module__root__V)
                  20001674    00000008     main_pem3.oem3 (.data:xdc_runtime_Registry_Module__state__V)
                  2000167c    00000008     main_pem3.oem3 (.data:xdc_runtime_System_Module_State_0_atexitHandlers__A)
                  20001684    00000004     rtsv7M3_T_le_eabi.lib : stkdepth_vars.c.obj (.data)
                  20001688    00000004     main_pem3.oem3 (.data:ti_sysbios_family_arm_m3_Hwi_Module_State_0_excContext__A)
                  2000168c    00000004     main_pem3.oem3 (.data:ti_sysbios_family_arm_m3_Hwi_Module_State_0_excStack__A)
                  20001690    00000004     main_pem3.oem3 (.data:ti_sysbios_knl_Task_Module_State_0_idleTask__A)
                  20001694    00000002     drivers_cc26xxware.aem3 : ADCCC26XX.oem3 (.data)
                  20001696    00000002     main_pem3.oem3 (.data:ti_sysbios_family_arm_m3_Hwi_Module_State_0_excActive__A)

.stack     0    20004d00    00000300     UNINITIALIZED
                  20004d00    00000300     --HOLE--

.const:xdc_runtime_Error_policy__C 
*          0    0000058c    00000001     
                  0000058c    00000001     main_pem3.oem3 (.const:xdc_runtime_Error_policy__C)

.const:ti_sysbios_rom_ROM_ti_sysbios_family_arm_cc26xx_Timer_initDevice__I 
*          0    000005ac    00000004     
                  000005ac    00000004     main_pem3.oem3 (.const:ti_sysbios_rom_ROM_ti_sysbios_family_arm_cc26xx_Timer_initDevice__I)

.const:ti_sysbios_gates_GateMutex_Instance_State_sem__O 
*          0    000005cc    00000004     
                  000005cc    00000004     main_pem3.oem3 (.const:ti_sysbios_gates_GateMutex_Instance_State_sem__O)

.const:ti_sysbios_knl_Mailbox_Instance_State_dataQue__O 
*          0    000005d4    00000004     
                  000005d4    00000004     main_pem3.oem3 (.const:ti_sysbios_knl_Mailbox_Instance_State_dataQue__O)

.const:ti_sysbios_knl_Task_Module_State_inactiveQ__O 
*          0    000005e8    00000004     
                  000005e8    00000004     main_pem3.oem3 (.const:ti_sysbios_knl_Task_Module_State_inactiveQ__O)

.data:ti_sysbios_knl_Clock_Module__state__V 
*          0    20000178    0000002c     UNINITIALIZED
                  20000178    0000002c     main_pem3.oem3 (.data:ti_sysbios_knl_Clock_Module__state__V)

.data:ti_sysbios_family_arm_cc26xx_TimestampProvider_Module__state__V 
*          0    200001ec    00000004     UNINITIALIZED
                  200001ec    00000004     main_pem3.oem3 (.data:ti_sysbios_family_arm_cc26xx_TimestampProvider_Module__state__V)

.data:xdc_runtime_Startup_Module__state__V 
*          0    200001f0    00000008     UNINITIALIZED
                  200001f0    00000008     main_pem3.oem3 (.data:xdc_runtime_Startup_Module__state__V)

.data:xdc_runtime_Memory_Module__state__V 
*          0    20000200    00000004     UNINITIALIZED
                  20000200    00000004     main_pem3.oem3 (.data:xdc_runtime_Memory_Module__state__V)

.bootVecs 
*          0    00000000    00000008     DSECT
                  00000000    00000008     boot.aem3 : boot.oem3 (.bootVecs)

.resetVecs 
*          0    00000000    0000003c     
                  00000000    0000003c     main_pem3.oem3 (.resetVecs)

.vecs      0    20000000    000000c8     NOLOAD SECTION
                  20000000    000000c8     main_pem3.oem3 (.vecs)

xdc.meta   0    00000000    000000ee     COPY SECTION
                  00000000    000000ee     main_pem3.oem3 (xdc.meta)

xdc.noload 
*          0    00000000    00000000     COPY SECTION

.binit     0    00000000    00000000     

MODULE SUMMARY

       Module                            code    ro data   rw data
       ------                            ----    -------   -------
    .\
       main.obj                          854     20        1718   
       CC2650_LAUNCHXL.obj               0       278       220    
       ccfg.obj                          0       88        0      
    +--+---------------------------------+-------+---------+---------+
       Total:                            854     386       1938   
                                                                  
    C:\Users\Ledx\Documents\TI_Projects\pruebasMecanica\Debug\configPkg\package\cfg\
       main_pem3.oem3                    706     1487      2866   
    +--+---------------------------------+-------+---------+---------+
       Total:                            706     1487      2866   
                                                                  
    C:/ti/tirtos_cc13xx_cc26xx_2_21_00_06/products/cc26xxware_2_24_03_17272/driverlib/bin/ccs/driverlib.lib
       setup_rom.obj                     1300    0         0      
       sys_ctrl.obj                      712     0         8      
       aux_adc.obj                       530     0         0      
       setup.obj                         356     0         0      
       osc.obj                           332     0         20     
       chipinfo.obj                      228     0         0      
       ddi.obj                           180     0         0      
       adi.obj                           88      0         0      
       aon_rtc.obj                       44      0         0      
       aon_batmon.obj                    40      0         0      
       cpu.obj                           24      0         0      
       vims.obj                          14      0         0      
       driverlib_release.obj             0       0         1      
    +--+---------------------------------+-------+---------+---------+
       Total:                            3848    0         29     
                                                                  
    C:/ti/tirtos_cc13xx_cc26xx_2_21_00_06/products/tidrivers_cc13xx_cc26xx_2_21_00_04/packages/ti/drivers/lib/drivers_cc26xxware.aem3
       PowerCC26XX.oem3                  1992    76        272    
       PINCC26XX.oem3                    1162    0         272    
       PowerCC26XX_calibrateRCOSC.oem3   1400    0         0      
       ADCCC26XX.oem3                    422     24        30     
       ADC.oem3                          122     0         4      
       List.oem3                         18      0         0      
    +--+---------------------------------+-------+---------+---------+
       Total:                            5116    100       578    
                                                                  
    C:/ti/tirtos_cc13xx_cc26xx_2_21_00_06/products/tidrivers_cc13xx_cc26xx_2_21_00_04/packages/ti/drivers/lib/power_cc26xx_tirtos.aem3
       PowerCC26XX_tirtos.oem3           212     0         0      
    +--+---------------------------------+-------+---------+---------+
       Total:                            212     0         0      
                                                                  
    C:\Users\Ledx\Documents\TI_Projects\pruebasMecanica\src\sysbios\rom_sysbios.aem3
       rom_sysbios.obj                   2519    0         0      
       rom_sysbios_config.obj            26      0         0      
    +--+---------------------------------+-------+---------+---------+
       Total:                            2545    0         0      
                                                                  
    C:\ti\ccsv7\tools\compiler\ti-cgt-arm_18.1.2.LTS\lib\rtsv7M3_T_le_eabi.lib
       trgmsg.c.obj                      108     0         288    
       memcpy_t2.asm.obj                 156     0         0      
       ull_div_t2.asm.obj                150     0         0      
       memset_t2.asm.obj                 122     0         0      
       copy_decompress_lzss.c.obj        104     0         0      
       hostwrite.c.obj                   88      0         0      
       cpy_tbl.c.obj                     76      0         0      
[...]
1001c0a5  ti_sysbios_knl_Clock_TimerProxy_getMaxTicks__E                            
1001c0b5  ti_sysbios_knl_Clock_TimerProxy_setNextTick__E                            
1001c0c5  ti_sysbios_knl_Semaphore_Instance_finalize__E                             
1001c0d5  ti_sysbios_knl_Swi_disable__E                                             
1001c0e5  ti_sysbios_knl_Swi_enabled__E                                             
1001c0f5  ti_sysbios_knl_Task_disable__E                                            
1001c105  ti_sysbios_heaps_HeapMem_restore__E                                       
1001c113  ti_sysbios_knl_Queue_empty__E                                             
1001c121  ti_sysbios_knl_Queue_remove__E                                            
1001c12f  ti_sysbios_family_arm_cc26xx_TimestampProvider_getFreq__E                 
1001c12f  xdc_runtime_Timestamp_SupportProxy_getFreq__E                             
1001c12f  xdc_runtime_Timestamp_SupportProxy_getFreq__E__mangled__                  
1001c12f  xdc_runtime_Timestamp_getFreq__E                                          
1001c12f  xdc_runtime_Timestamp_getFreq__E                                          
1001c13d  ti_sysbios_family_arm_m3_Hwi_Params__init__S                              
1001c13d  ti_sysbios_hal_Hwi_HwiProxy_Params__init__S                               
1001c13d  ti_sysbios_hal_Hwi_HwiProxy_Params__init__S__mangled__                    
1001c149  ti_sysbios_family_arm_m3_Hwi_disableFxn__E                                
1001c155  ti_sysbios_family_arm_m3_Hwi_enableFxn__E                                 
1001c161  ti_sysbios_family_arm_m3_TaskSupport_getStackAlignment__E                 
1001c161  ti_sysbios_knl_Task_SupportProxy_getStackAlignment__E__mangled__          
1001c16d  ti_sysbios_gates_GateHwi_enter__E                                         
1001c179  ti_sysbios_BIOS_RtsGateProxy_Params__init__S                              
1001c179  ti_sysbios_BIOS_RtsGateProxy_Params__init__S__mangled__                   
1001c179  ti_sysbios_gates_GateMutex_Params__init__S                                
1001c179  ti_sysbios_heaps_HeapMem_Module_GateProxy_Params__init__S                 
1001c179  ti_sysbios_heaps_HeapMem_Module_GateProxy_Params__init__S__mangled__      
1001c185  ti_sysbios_knl_Clock_Params__init__S                                      
1001c191  ti_sysbios_knl_Clock_getTimerHandle__E                                    
1001c19d  ti_sysbios_knl_Mailbox_Params__init__S                                    
1001c1a9  ti_sysbios_knl_Queue_dequeue__E                                           
1001c1b5  ti_sysbios_knl_Queue_enqueue__E                                           
1001c1c1  ti_sysbios_knl_Semaphore_Params__init__S                                  
1001c1cd  ti_sysbios_knl_Swi_Params__init__S                                        
1001c1d9  ti_sysbios_knl_Task_Params__init__S                                       
1001c1e5  ti_sysbios_knl_Task_self__E                                               
1001c1f1  ti_sysbios_hal_Hwi_Instance_finalize__E                                   
1001c1fb  ti_sysbios_family_arm_m3_Hwi_doSwiRestore__I                              
1001c203  ti_sysbios_family_arm_m3_Hwi_startup__E                                   
1001c203  ti_sysbios_hal_Hwi_HwiProxy_startup__E__mangled__                         
1001c20b  ti_sysbios_knl_Idle_loop__E                                               
1001c213  ti_sysbios_family_arm_m3_Hwi_doTaskRestore__I                             
1001c219  HwiP_restore                                                              
1001c219  ti_sysbios_family_arm_m3_Hwi_restoreFxn__E                                
1001c21f  ti_sysbios_gates_GateHwi_leave__E                                         
1001c22b  ti_sysbios_knl_Queue_Instance_init__E                                     
1001c231  ti_sysbios_knl_Queue_elemClear__E                                         
1001c237  ti_sysbios_knl_Swi_Module_startup__E                                      
1001c23d  ti_sysbios_knl_Swi_startup__E                                             
1001c243  ti_sysbios_knl_Task_enable__E                                             
1001c249  ti_sysbios_BIOS_RtsGateProxy_enter__E                                     
1001c24d  ti_sysbios_BIOS_RtsGateProxy_leave__E                                     
1001c251  ti_sysbios_family_arm_cc26xx_Timer_getExpiredTicks__E                     
1001c255  ti_sysbios_family_arm_cc26xx_Timer_getPeriod__E                           
1001c259  ti_sysbios_family_arm_cc26xx_Timer_setPeriod__E                           
1001c25d  ti_sysbios_family_arm_m3_Hwi_delete                                       
1001c261  ti_sysbios_family_arm_m3_Hwi_destruct                                     
1001c265  ti_sysbios_family_arm_m3_TaskSupport_Module__startupDone__S               
1001c265  ti_sysbios_knl_Task_SupportProxy_Module__startupDone__S__mangled__        
1001c269  ti_sysbios_gates_GateHwi_query__E                                         
1001c269  xdc_runtime_Main_Module_GateProxy_query__E                                
1001c269  xdc_runtime_System_Module_GateProxy_query__E                              
1001c269  xdc_runtime_System_Module_GateProxy_query__E__mangled__                   
1001c26d  ti_sysbios_gates_GateMutex_delete                                         
1001c271  ti_sysbios_gates_GateMutex_destruct                                       
1001c275  ti_sysbios_BIOS_RtsGateProxy_query__E                                     
1001c275  ti_sysbios_BIOS_RtsGateProxy_query__E__mangled__                          
1001c275  ti_sysbios_gates_GateMutex_query__E                                       
1001c275  ti_sysbios_heaps_HeapMem_Module_GateProxy_query__E                        
1001c275  ti_sysbios_heaps_HeapMem_Module_GateProxy_query__E__mangled__             
1001c279  ti_sysbios_hal_Hwi_HwiProxy_Module__startupDone__S                        
1001c27d  ti_sysbios_hal_Hwi_HwiProxy_delete                                        
1001c281  ti_sysbios_hal_Hwi_HwiProxy_disableInterrupt__E                           
1001c281  ti_sysbios_hal_Hwi_disableInterrupt__E                                    
1001c281  ti_sysbios_hal_Hwi_disableInterrupt__E                                    
1001c285  ti_sysbios_hal_Hwi_HwiProxy_enableInterrupt__E                            
1001c285  ti_sysbios_hal_Hwi_enableInterrupt__E                                     
1001c285  ti_sysbios_hal_Hwi_enableInterrupt__E                                     
1001c289  ti_sysbios_hal_Hwi_HwiProxy_getStackInfo__E                               
1001c289  ti_sysbios_hal_Hwi_getStackInfo__E                                        
1001c289  ti_sysbios_hal_Hwi_getStackInfo__E                                        
1001c28d  ti_sysbios_hal_Hwi_HwiProxy_startup__E                                    
1001c28d  ti_sysbios_hal_Hwi_startup__E                                             
1001c28d  ti_sysbios_hal_Hwi_startup__E                                             
1001c291  ti_sysbios_hal_Hwi_HwiProxy_switchFromBootStack__E                        
1001c295  ti_sysbios_hal_Hwi_delete                                                 
1001c299  ti_sysbios_hal_Hwi_switchFromBootStack__E                                 
1001c299  ti_sysbios_hal_Hwi_switchFromBootStack__E                                 
1001c29d  ti_sysbios_heaps_HeapMem_Module_GateProxy_enter__E                        
1001c2a1  ti_sysbios_heaps_HeapMem_Module_GateProxy_leave__E                        
1001c2a5  ti_sysbios_heaps_HeapMem_isBlocking__E                                    
1001c2a9  ti_sysbios_knl_Clock_TimerProxy_Module__startupDone__S                    
1001c2ad  ti_sysbios_knl_Clock_TimerProxy_getExpiredTicks__E                        
1001c2b1  ti_sysbios_knl_Clock_TimerProxy_getPeriod__E                              
1001c2b5  ti_sysbios_knl_Clock_delete                                               
1001c2b9  ti_sysbios_knl_Clock_destruct                                             
1001c2bd  ti_sysbios_knl_Clock_removeI__E                                           
1001c2c1  ti_sysbios_knl_Clock_setTimeout__E                                        
1001c2c5  ti_sysbios_knl_Mailbox_delete                                             
1001c2c9  ti_sysbios_knl_Mailbox_destruct                                           
1001c2cd  ti_sysbios_knl_Queue_delete                                               
1001c2d1  ti_sysbios_knl_Queue_destruct                                             
1001c2d5  ti_sysbios_knl_Queue_head__E                                              
1001c2d9  ti_sysbios_knl_Queue_next__E                                              
1001c2dd  ti_sysbios_knl_Semaphore_delete                                           
1001c2e1  ti_sysbios_knl_Semaphore_destruct                                         
1001c2e5  ti_sysbios_knl_Swi_delete                                                 
1001c2e9  ti_sysbios_knl_Swi_destruct                                               
1001c2ed  ti_sysbios_knl_Swi_postInit__I                                            
1001c2f1  ti_sysbios_knl_Task_SupportProxy_Module__startupDone__S                   
1001c2f5  ti_sysbios_knl_Task_SupportProxy_getStackAlignment__E                     
1001c2f9  ti_sysbios_knl_Task_SupportProxy_start__E                                 
1001c2fd  ti_sysbios_knl_Task_SupportProxy_swap__E                                  
1001c301  ti_sysbios_knl_Task_delete                                                
1001c305  ti_sysbios_knl_Task_destruct                                              
1001c309  ti_sysbios_knl_Task_startup__E                                            
1001c30d  xdc_runtime_Startup_startMods__I                                          
1001c405  xdc_runtime_Core_createObject__I                                          
1001c487  xdc_runtime_Error_policySpin__E                                           
1001c489  xdc_runtime_Memory_alloc__E                                               
1001c4f9  xdc_runtime_Core_deleteObject__I                                          
1001c559  xdc_runtime_Startup_exec__E                                               
1001c5a9  xdc_runtime_Assert_raise__I                                               
1001c5f1  xdc_runtime_Core_assignParams__I                                          
1001c639  xdc_runtime_Core_constructObject__I                                       
1001c681  xdc_runtime_System_atexit__E                                              
1001c6b9  xdc_runtime_System_processAtExit__E                                       
1001c6ed  xdc_runtime_Core_assignLabel__I                                           
1001c71d  xdc_runtime_Text_cordText__E                                              
1001c749  xdc_runtime_System_abort__E                                               
1001c769  xdc_runtime_Error_raiseX__E                                               
1001c785  xdc_runtime_Memory_valloc__E                                              
1001c7a1  xdc_runtime_Core_destructObject__I                                        
1001c7b9  xdc_runtime_Error_check__E                                                
1001c7d1  xdc_runtime_System_exit__E                                                
1001c7e9  xdc_runtime_Text_ropeText__E                                              
1001c801  xdc_runtime_Memory_free__E                                                
1001c811  xdc_runtime_SysCallback_abort__E                                          
1001c821  xdc_runtime_SysCallback_exit__E                                           
1001c831  xdc_runtime_Timestamp_SupportProxy_get32__E                               
1001c831  xdc_runtime_Timestamp_get32__E                                            
1001c831  xdc_runtime_Timestamp_get32__E                                            
1001c841  xdc_runtime_Error_init__E                                                 
1001c84d  xdc_runtime_Memory_calloc__E                                              
1001c859  xdc_runtime_Memory_getMaxDefaultTypeAlign__E                              
1001c879  xdc_runtime_Gate_leaveSystem__E                                           
1001c87f  xdc_runtime_System_Module_startup__E                                      
1001c885  xdc_runtime_Gate_enterSystem__E                                           
1001c889  xdc_runtime_Memory_HeapProxy_alloc__E                                     
1001c88d  xdc_runtime_Memory_HeapProxy_free__E                                      
1001c891  xdc_runtime_System_Module_GateProxy_enter__E                              
1001c895  xdc_runtime_System_Module_GateProxy_leave__E                              
1001c899  xdc_runtime_System_abortSpin__E                                           
1001c89b  xdc_runtime_System_exitSpin__E                                            
1001c89d  ti_sysbios_family_arm_m3_Hwi_dispatch__I                                  
1001c96d  ti_sysbios_family_arm_m3_TaskSupport_buildTaskStack                       
1001c9b9  ti_sysbios_family_arm_m3_Hwi_initStacks__E                                
1001ca01  ti_sysbios_family_arm_m3_Hwi_excHandlerAsm__I                             
1001ca21  ti_sysbios_family_xxx_Hwi_switchAndRunFunc                                
1001ca3f  ti_sysbios_family_arm_m3_Hwi_pendSV__I                                    
1001ca57  ti_sysbios_family_arm_m3_Hwi_return                                       
1001ca59  ti_sysbios_family_arm_m3_TaskSupport_glue                                 
1001ca69  ti_sysbios_family_arm_m3_TaskSupport_swap__E                              
1001ca69  ti_sysbios_knl_Task_SupportProxy_swap__E__mangled__                       
1001ca71  ti_sysbios_knl_Task_swapReturn                                            
1001ca9b  ti_sysbios_rom_cortexm_cc26xx_CC26xx_getRevision__E                       
20000000  ti_sysbios_family_arm_m3_Hwi_ramVectors                                   
20000100  ti_sysbios_knl_Task_Module__state__V                                      
20000144  ti_sysbios_family_arm_m3_Hwi_Module__state__V                             
20000178  ti_sysbios_knl_Clock_Module__state__V                                     
200001a4  ti_sysbios_BIOS_Module__state__V                                          
200001c8  ti_sysbios_knl_Swi_Module__state__V                                       
200001e4  ti_sysbios_family_arm_cc26xx_Timer_Module__state__V                       
200001ec  ti_sysbios_family_arm_cc26xx_TimestampProvider_Module__state__V           
200001f0  xdc_runtime_Startup_Module__state__V                                      
200001f8  xdc_runtime_System_Module__state__V                                       
20000200  xdc_runtime_Memory_Module__state__V                                       
20000208  ti_sysbios_heaps_HeapMem_Instance_State_0_buf__A                          
20000608  task0Stack                                                                
20000908  task1Stack                                                                
20000c08  ti_sysbios_knl_Task_Instance_State_0_stack__A                             
20000e08  __CIOBUF_                                                                 
20000f28  adcCC26xxObjects                                                          
20001004  ti_sysbios_family_arm_m3_Hwi_dispatchTable                                
200010cc  xdc_runtime_SysMin_Module_State_0_outbuf__A                               
2000114c  PIN_HandleTable                                                           
200011c8  task0Struct                                                               
20001218  task1Struct                                                               
20001324  adcValue1                                                                 
20001340  parmbuf                                                                   
20001348  PIN_NumPins                                                               
20001350  adcValue0                                                                 
20001352  driverlib_release_0_47020                                                 
20001358  PowerCC26XX_module                                                        
20001468  ti_sysbios_knl_Task_Object__table__V                                      
200014b8  ti_sysbios_family_arm_cc26xx_Timer_Object__table__V                       
20001500  ti_sysbios_gates_GateMutex_Object__table__V                               
20001538  ti_sysbios_knl_Swi_Module_State_0_readyQ__A                               
20001568  ti_sysbios_knl_Swi_Object__table__V                                       
20001598  ti_sysbios_knl_Clock_Object__table__V                                     
200015b8  ti_sysbios_knl_Task_Module_State_0_readyQ__A                              
200015d8  ti_sysbios_family_arm_m3_Hwi_Object__table__V                             
200015f0  ti_sysbios_heaps_HeapMem_Object__table__V                                 
20001608  xdc_runtime_SysMin_Module__state__V                                       
20001614  _lock                                                                     
20001618  _unlock                                                                   
2000161c  ti_sysbios_family_arm_m3_Hwi_Module__root__V                              
20001624  ti_sysbios_gates_GateHwi_Module__root__V                                  
2000162c  ti_sysbios_gates_GateMutex_Module__root__V                                
20001634  ti_sysbios_hal_Hwi_Module__root__V                                        
2000163c  ti_sysbios_heaps_HeapMem_Module__root__V                                  
20001644  ti_sysbios_knl_Clock_Module__root__V                                      
2000164c  ti_sysbios_knl_Mailbox_Module__root__V                                    
20001654  ti_sysbios_knl_Queue_Module__root__V                                      
2000165c  ti_sysbios_knl_Semaphore_Module__root__V                                  
20001664  ti_sysbios_knl_Swi_Module__root__V                                        
2000166c  ti_sysbios_knl_Task_Module__root__V                                       
20001674  xdc_runtime_Registry_Module__state__V                                     
2000167c  xdc_runtime_System_Module_State_0_atexitHandlers__A                       
20001684  main_func_sp                                                              
20001688  ti_sysbios_family_arm_m3_Hwi_Module_State_0_excContext__A                 
2000168c  ti_sysbios_family_arm_m3_Hwi_Module_State_0_excStack__A                   
20001690  ti_sysbios_knl_Task_Module_State_0_idleTask__A                            
20001696  ti_sysbios_family_arm_m3_Hwi_Module_State_0_excActive__A                  
20004d00  __stack                                                                   
20005000  __STACK_END                                                               
e000e000  ti_sysbios_family_arm_m3_Hwi_nvic                                         
ffffffff  __TI_pprof_out_hndl                                                       
ffffffff  __TI_prof_data_size                                                       
ffffffff  __TI_prof_data_start                                                      
ffffffff  __binit__                                                                 
ffffffff  __c_args__                                                                
ffffffff  binit                                                                     
UNDEFED   SHT$$INIT_ARRAY$$Base                                                     
UNDEFED   SHT$$INIT_ARRAY$$Limit                                                    

[752 symbols]
